<html>
<body>
<pre>
<h1>µVision Build Log</h1>
<h2>Tool Versions:</h2>
IDE-Version: ¦ÌVision V5.33.0.0
Copyright (C) 2020 ARM Ltd and ARM Germany GmbH. All rights reserved.
License Information: 1 Administrator, 1, LIC=----
 
Tool Versions:
Toolchain:       MDK-Lite  Version: 5.33.0.0
Toolchain Path:  D:\stm32 keil\core\ARM\ARMCC\Bin
C Compiler:      Armcc.exe V5.06 update 7 (build 960)
Assembler:       Armasm.exe V5.06 update 7 (build 960)
Linker/Locator:  ArmLink.exe V5.06 update 7 (build 960)
Library Manager: ArmAr.exe V5.06 update 7 (build 960)
Hex Converter:   FromElf.exe V5.06 update 7 (build 960)
CPU DLL:         SARMCM3.DLL V5.33.0.0
Dialog DLL:      DCM.DLL V1.17.3.0
Target DLL:      STLink\ST-LINKIII-KEIL_SWO.dll V3.0.8.0
Dialog DLL:      TCM.DLL V1.48.0.0
 
<h2>Project:</h2>
C:\Users\Administrator\Desktop\project_demo_1\project1\MDK-ARM\project1.uvprojx
Project File Date:  02/03/2026

<h2>Output:</h2>
*** Using Compiler 'V5.06 update 7 (build 960)', folder: 'D:\stm32 keil\core\ARM\ARMCC\Bin'
Build target 'project1'
Note: source file '..\bsp\device\src\device_manager.c' - object file renamed from 'project1\device_manager.o' to 'project1\device_manager_1.o'.
Note: source file '..\bsp\board\src\board.c' - object file renamed from 'project1\board.o' to 'project1\board_1.o'.
compiling board_sd.c...
..\bsp\board\inc\board.h(13): warning:  #1-D: last line of file ends without a newline
  #endif
..\bsp\board\inc\board_led.h(9): warning:  #1-D: last line of file ends without a newline
  #endif
..\hal\inc\hal.h(9): warning:  #1-D: last line of file ends without a newline
  #endif
..\hal\inc\hal_gpio.h(12): warning:  #1-D: last line of file ends without a newline
  #endif
..\hal\inc\hal_delay.h(8): warning:  #1-D: last line of file ends without a newline
  #endif
..\hal\inc\hal_rtc.h(12): warning:  #1-D: last line of file ends without a newline
  #endif
..\hal\inc\hal.h(9): warning:  #1-D: last line of file ends without a newline
  #endif
..\bsp\drivers\inc\bsp_key.h(67): warning:  #1-D: last line of file ends without a newline
  #endif
..\bsp\board\inc\board_beep.h(8): warning:  #1-D: last line of file ends without a newline
  #endif 
..\bsp\board\inc\board_dht11.h(7): warning:  #1-D: last line of file ends without a newline
  #endif
..\bsp\board\inc\board_key.h(11): warning:  #1-D: last line of file ends without a newline
  #endif
..\bsp\board\inc\board_sd.h(15): warning:  #1-D: last line of file ends without a newline
  #endif
..\bsp\board\inc\board_dma.h(6): warning:  #1-D: last line of file ends without a newline
  #endif
..\bsp\board\inc\board.h(13): warning:  #1-D: last line of file ends without a newline
  #endif
..\bsp\board\inc\board_sd.h(15): warning:  #1-D: last line of file ends without a newline
  #endif
..\bsp\board\src\board_sd.c(67): warning:  #223-D: function "Error_Handler" declared implicitly
        Error_Handler();
..\bsp\board\src\board_sd.c(88): warning:  #223-D: function "Error_Handler" declared implicitly
        Error_Handler();
..\bsp\board\src\board_sd.c: 17 warnings, 0 errors
linking...
Program Size: Code=18012 RO-data=488 RW-data=828 ZI-data=3316  
FromELF: creating hex file...
"project1\project1.axf" - 0 Error(s), 17 Warning(s).

<h2>Software Packages used:</h2>

Package Vendor: ARM
                http://www.keil.com/pack/ARM.CMSIS.5.7.0.pack
                ARM.CMSIS.5.7.0
                CMSIS (Cortex Microcontroller Software Interface Standard)
   * Component: CORE Version: 5.4.0

Package Vendor: Keil
                https://www.keil.com/pack/Keil.STM32F4xx_DFP.3.1.1.pack
                Keil.STM32F4xx_DFP.3.1.1
                STMicroelectronics STM32F4 Series Device Support

<h2>Collection of Component include folders:</h2>
  .\RTE\_project1
  D:\stm32 keil\pack\ARM\CMSIS\5.7.0\CMSIS\Core\Include

<h2>Collection of Component Files used:</h2>

   * Component: ARM::CMSIS:CORE:5.4.0
      Include file:  CMSIS\Core\Include\tz_context.h
Build Time Elapsed:  00:00:02
</pre>
</body>
</html>
