Component: ARM Compiler 5.06 update 7 (build 960) Tool: armlink [4d3601]

==============================================================================

Section Cross References

    startup_stm32f407xx.o(RESET) refers to startup_stm32f407xx.o(STACK) for __initial_sp
    startup_stm32f407xx.o(RESET) refers to startup_stm32f407xx.o(.text) for Reset_Handler
    startup_stm32f407xx.o(RESET) refers to stm32f4xx_it.o(i.NMI_Handler) for NMI_Handler
    startup_stm32f407xx.o(RESET) refers to stm32f4xx_it.o(i.HardFault_Handler) for HardFault_Handler
    startup_stm32f407xx.o(RESET) refers to stm32f4xx_it.o(i.MemManage_Handler) for MemManage_Handler
    startup_stm32f407xx.o(RESET) refers to stm32f4xx_it.o(i.BusFault_Handler) for BusFault_Handler
    startup_stm32f407xx.o(RESET) refers to stm32f4xx_it.o(i.UsageFault_Handler) for UsageFault_Handler
    startup_stm32f407xx.o(RESET) refers to port.o(.emb_text) for SVC_Handler
    startup_stm32f407xx.o(RESET) refers to stm32f4xx_it.o(i.DebugMon_Handler) for DebugMon_Handler
    startup_stm32f407xx.o(RESET) refers to cmsis_os2.o(i.SysTick_Handler) for SysTick_Handler
    startup_stm32f407xx.o(RESET) refers to stm32f4xx_it.o(i.TIM2_IRQHandler) for TIM2_IRQHandler
    startup_stm32f407xx.o(RESET) refers to stm32f4xx_it.o(i.SDIO_IRQHandler) for SDIO_IRQHandler
    startup_stm32f407xx.o(RESET) refers to stm32f4xx_it.o(i.DMA2_Stream3_IRQHandler) for DMA2_Stream3_IRQHandler
    startup_stm32f407xx.o(RESET) refers to stm32f4xx_it.o(i.DMA2_Stream6_IRQHandler) for DMA2_Stream6_IRQHandler
    startup_stm32f407xx.o(.text) refers to system_stm32f4xx.o(i.SystemInit) for SystemInit
    startup_stm32f407xx.o(.text) refers to entry.o(.ARM.Collect$$$$00000000) for __main
    main.o(i.HAL_TIM_PeriodElapsedCallback) refers to stm32f4xx_hal.o(i.HAL_IncTick) for HAL_IncTick
    main.o(i.SystemClock_Config) refers to memseta.o(.text) for __aeabi_memclr4
    main.o(i.SystemClock_Config) refers to stm32f4xx_hal_rcc.o(i.HAL_RCC_OscConfig) for HAL_RCC_OscConfig
    main.o(i.SystemClock_Config) refers to main.o(i.Error_Handler) for Error_Handler
    main.o(i.SystemClock_Config) refers to stm32f4xx_hal_rcc.o(i.HAL_RCC_ClockConfig) for HAL_RCC_ClockConfig
    main.o(i.dht11) refers to device_manager_1.o(i.device_read) for device_read
    main.o(i.dht11) refers to hal_delay.o(i.hal_delay_ms) for hal_delay_ms
    main.o(i.dht11) refers to printf8.o(i.__0printf$8) for __2printf
    main.o(i.dht11) refers to main.o(.data) for buffer
    main.o(i.fputc) refers to stm32f4xx_hal_uart.o(i.HAL_UART_Transmit) for HAL_UART_Transmit
    main.o(i.fputc) refers to hal_usart.o(.bss) for huart1
    main.o(i.main) refers to stm32f4xx_hal.o(i.HAL_Init) for HAL_Init
    main.o(i.main) refers to main.o(i.SystemClock_Config) for SystemClock_Config
    main.o(i.main) refers to hal_usart.o(i.MX_USART1_UART_Init) for MX_USART1_UART_Init
    main.o(i.main) refers to board_dma.o(i.MX_DMA_Init) for MX_DMA_Init
    main.o(i.main) refers to board_led.o(i.board_led_init) for board_led_init
    main.o(i.main) refers to device_manager_1.o(i.device_open) for device_open
    main.o(i.main) refers to board_dht11.o(i.board_dht11_init) for board_dht11_init
    main.o(i.main) refers to board_key.o(i.board_key_init) for board_key_init
    main.o(i.main) refers to printf8.o(i.__0printf$8) for __2printf
    main.o(i.main) refers to device_manager_1.o(i.device_write) for device_write
    main.o(i.main) refers to main.o(i.sd_app) for sd_app
    main.o(i.main) refers to stm32f4xx_hal.o(i.HAL_Delay) for HAL_Delay
    main.o(i.my_key_handler) refers to printf8.o(i.__0printf$8) for __2printf
    main.o(i.my_key_handler) refers to device_manager_1.o(i.device_write) for device_write
    main.o(i.sd_app) refers to memcpya.o(.text) for __aeabi_memcpy4
    main.o(i.sd_app) refers to diskio.o(i.disk_initialize) for disk_initialize
    main.o(i.sd_app) refers to printf8.o(i.__0printf$8) for __2printf
    main.o(i.sd_app) refers to ff.o(i.f_mount) for f_mount
    main.o(i.sd_app) refers to ff.o(i.f_opendir) for f_opendir
    main.o(i.sd_app) refers to ff.o(i.f_open) for f_open
    main.o(i.sd_app) refers to strlen.o(.text) for strlen
    main.o(i.sd_app) refers to ff.o(i.f_write) for f_write
    main.o(i.sd_app) refers to ff.o(i.f_close) for f_close
    main.o(i.sd_app) refers to ff.o(i.f_closedir) for f_closedir
    main.o(i.sd_app) refers to ff.o(i.f_read) for f_read
    main.o(i.sd_app) refers to main.o(.bss) for fs
    gpio.o(i.MX_GPIO_Init) refers to memseta.o(.text) for __aeabi_memclr4
    gpio.o(i.MX_GPIO_Init) refers to stm32f4xx_hal_gpio.o(i.HAL_GPIO_WritePin) for HAL_GPIO_WritePin
    gpio.o(i.MX_GPIO_Init) refers to stm32f4xx_hal_gpio.o(i.HAL_GPIO_Init) for HAL_GPIO_Init
    freertos.o(i.MX_FREERTOS_Init) refers to cmsis_os2.o(i.osThreadNew) for osThreadNew
    freertos.o(i.MX_FREERTOS_Init) refers to freertos.o(.constdata) for defaultTask_attributes
[...]
    i.__scatterload_null                     0x080037aa   Section        2  handlers.o(i.__scatterload_null)
    i.__scatterload_zeroinit                 0x080037ac   Section       14  handlers.o(i.__scatterload_zeroinit)
    i._printf_core                           0x080037bc   Section        0  printf8.o(i._printf_core)
    _printf_core                             0x080037bd   Thumb Code   984  printf8.o(i._printf_core)
    i._printf_post_padding                   0x08003bc0   Section        0  printf8.o(i._printf_post_padding)
    _printf_post_padding                     0x08003bc1   Thumb Code    36  printf8.o(i._printf_post_padding)
    i._printf_pre_padding                    0x08003be4   Section        0  printf8.o(i._printf_pre_padding)
    _printf_pre_padding                      0x08003be5   Thumb Code    46  printf8.o(i._printf_pre_padding)
    i.board_dht11_init                       0x08003c14   Section        0  board_dht11.o(i.board_dht11_init)
    i.board_key_init                         0x08003c34   Section        0  board_key.o(i.board_key_init)
    i.board_led_init                         0x08003c54   Section        0  board_led.o(i.board_led_init)
    i.check_fs                               0x08003c8c   Section        0  ff.o(i.check_fs)
    check_fs                                 0x08003c8d   Thumb Code   210  ff.o(i.check_fs)
    i.clmt_clust                             0x08003d6c   Section        0  ff.o(i.clmt_clust)
    clmt_clust                               0x08003d6d   Thumb Code    50  ff.o(i.clmt_clust)
    i.clst2sect                              0x08003d9e   Section        0  ff.o(i.clst2sect)
    clst2sect                                0x08003d9f   Thumb Code    26  ff.o(i.clst2sect)
    i.create_chain                           0x08003db8   Section        0  ff.o(i.create_chain)
    create_chain                             0x08003db9   Thumb Code   288  ff.o(i.create_chain)
    i.create_name                            0x08003ed8   Section        0  ff.o(i.create_name)
    create_name                              0x08003ed9   Thumb Code   252  ff.o(i.create_name)
    i.dbc_1st                                0x08003fe4   Section        0  ff.o(i.dbc_1st)
    dbc_1st                                  0x08003fe5   Thumb Code    46  ff.o(i.dbc_1st)
    i.dbc_2nd                                0x08004018   Section        0  ff.o(i.dbc_2nd)
    dbc_2nd                                  0x08004019   Thumb Code    66  ff.o(i.dbc_2nd)
    i.device_find                            0x08004060   Section        0  device_manager_1.o(i.device_find)
    i.device_open                            0x08004098   Section        0  device_manager_1.o(i.device_open)
    i.device_register                        0x080040cc   Section        0  device_manager_1.o(i.device_register)
    i.device_write                           0x08004134   Section        0  device_manager_1.o(i.device_write)
    i.dht11_dev_init                         0x08004164   Section        0  board_dht11.o(i.dht11_dev_init)
    dht11_dev_init                           0x08004165   Thumb Code    14  board_dht11.o(i.dht11_dev_init)
    i.dht11_dev_read                         0x08004172   Section        0  board_dht11.o(i.dht11_dev_read)
    dht11_dev_read                           0x08004173   Thumb Code    18  board_dht11.o(i.dht11_dev_read)
    i.dht11_driver_register                  0x08004184   Section        0  bsp_dht11.o(i.dht11_driver_register)
    i.dht11_init                             0x08004198   Section        0  bsp_dht11.o(i.dht11_init)
    i.dht11_read                             0x080041ca   Section        0  bsp_dht11.o(i.dht11_read)
    i.dht11_readbit                          0x08004218   Section        0  bsp_dht11.o(i.dht11_readbit)
    dht11_readbit                            0x08004219   Thumb Code    64  bsp_dht11.o(i.dht11_readbit)
    i.dht11_set_level                        0x08004258   Section        0  bsp_dht11.o(i.dht11_set_level)
    dht11_set_level                          0x08004259   Thumb Code    18  bsp_dht11.o(i.dht11_set_level)
    i.dht11_start                            0x0800426a   Section        0  bsp_dht11.o(i.dht11_start)
    dht11_start                              0x0800426b   Thumb Code   126  bsp_dht11.o(i.dht11_start)
    i.dht11_wait_level                       0x080042e8   Section        0  bsp_dht11.o(i.dht11_wait_level)
    dht11_wait_level                         0x080042e9   Thumb Code    44  bsp_dht11.o(i.dht11_wait_level)
    i.dir_alloc                              0x08004314   Section        0  ff.o(i.dir_alloc)
    dir_alloc                                0x08004315   Thumb Code    96  ff.o(i.dir_alloc)
    i.dir_clear                              0x08004374   Section        0  ff.o(i.dir_clear)
    dir_clear                                0x08004375   Thumb Code    94  ff.o(i.dir_clear)
    i.dir_find                               0x080043d2   Section        0  ff.o(i.dir_find)
    dir_find                                 0x080043d3   Thumb Code   108  ff.o(i.dir_find)
    i.dir_next                               0x0800443e   Section        0  ff.o(i.dir_next)
    dir_next                                 0x0800443f   Thumb Code   202  ff.o(i.dir_next)
    i.dir_register                           0x08004508   Section        0  ff.o(i.dir_register)
    dir_register                             0x08004509   Thumb Code    66  ff.o(i.dir_register)
    i.dir_sdi                                0x0800454a   Section        0  ff.o(i.dir_sdi)
    dir_sdi                                  0x0800454b   Thumb Code   154  ff.o(i.dir_sdi)
    i.disk_initialize                        0x080045e4   Section        0  diskio.o(i.disk_initialize)
    i.disk_ioctl                             0x080045f8   Section        0  diskio.o(i.disk_ioctl)
    i.disk_read                              0x0800463c   Section        0  diskio.o(i.disk_read)
    i.disk_status                            0x080046a4   Section        0  diskio.o(i.disk_status)
    i.disk_write                             0x080046b8   Section        0  diskio.o(i.disk_write)
    i.f_close                                0x08004720   Section        0  ff.o(i.f_close)
    i.f_closedir                             0x08004742   Section        0  ff.o(i.f_closedir)
    i.f_mount                                0x0800475c   Section        0  ff.o(i.f_mount)
    i.f_open                                 0x080047b0   Section        0  ff.o(i.f_open)
    i.f_opendir                              0x080049a4   Section        0  ff.o(i.f_opendir)
    i.f_read                                 0x08004a10   Section        0  ff.o(i.f_read)
    i.f_sync                                 0x08004bbc   Section        0  ff.o(i.f_sync)
    i.f_write                                0x08004c5c   Section        0  ff.o(i.f_write)
    i.find_volume                            0x08004e4a   Section        0  ff.o(i.find_volume)
    find_volume                              0x08004e4b   Thumb Code   120  ff.o(i.find_volume)
    i.follow_path                            0x08004ec2   Section        0  ff.o(i.follow_path)
    follow_path                              0x08004ec3   Thumb Code   158  ff.o(i.follow_path)
    i.fputc                                  0x08004f60   Section        0  main.o(i.fputc)
    i.get_fat                                0x08004f78   Section        0  ff.o(i.get_fat)
    get_fat                                  0x08004f79   Thumb Code   224  ff.o(i.get_fat)
    i.get_ldnumber                           0x08005058   Section        0  ff.o(i.get_ldnumber)
    get_ldnumber                             0x08005059   Thumb Code    78  ff.o(i.get_ldnumber)
    i.gpio_clock_enable                      0x080050a8   Section        0  hal_gpio.o(i.gpio_clock_enable)
    i.hal_delay_ms                           0x080051ac   Section        0  hal_delay.o(i.hal_delay_ms)
    i.hal_delay_us                           0x080051b8   Section        0  hal_delay.o(i.hal_delay_us)
    i.hal_gpio_read                          0x080051e8   Section        0  hal_gpio.o(i.hal_gpio_read)
    i.hal_gpio_write                         0x080051f8   Section        0  hal_gpio.o(i.hal_gpio_write)
    i.key_dev_init                           0x08005218   Section        0  board_key.o(i.key_dev_init)
    key_dev_init                             0x08005219   Thumb Code    14  board_key.o(i.key_dev_init)
    i.key_dev_write                          0x08005226   Section        0  board_key.o(i.key_dev_write)
    key_dev_write                            0x08005227   Thumb Code    30  board_key.o(i.key_dev_write)
    i.key_driver_register                    0x08005244   Section        0  bsp_key.o(i.key_driver_register)
    i.key_init                               0x08005258   Section        0  bsp_key.o(i.key_init)
    i.key_scan                               0x08005294   Section        0  bsp_key.o(i.key_scan)
    i.key_trigger_event                      0x080053b8   Section        0  board_key.o(i.key_trigger_event)
    i.ld_clust                               0x080053d0   Section        0  ff.o(i.ld_clust)
    ld_clust                                 0x080053d1   Thumb Code    38  ff.o(i.ld_clust)
    i.ld_dword                               0x080053f6   Section        0  ff.o(i.ld_dword)
    ld_dword                                 0x080053f7   Thumb Code    24  ff.o(i.ld_dword)
    i.ld_word                                0x0800540e   Section        0  ff.o(i.ld_word)
    ld_word                                  0x0800540f   Thumb Code    12  ff.o(i.ld_word)
    i.led_dev_init                           0x0800541a   Section        0  board_led.o(i.led_dev_init)
    led_dev_init                             0x0800541b   Thumb Code    14  board_led.o(i.led_dev_init)
    i.led_dev_write                          0x08005428   Section        0  board_led.o(i.led_dev_write)
    led_dev_write                            0x08005429   Thumb Code    44  board_led.o(i.led_dev_write)
    i.led_driver_register                    0x08005454   Section        0  bsp_led.o(i.led_driver_register)
    i.led_init                               0x08005478   Section        0  bsp_led.o(i.led_init)
    led_init                                 0x08005479   Thumb Code    60  bsp_led.o(i.led_init)
    i.led_off                                0x080054b4   Section        0  bsp_led.o(i.led_off)
    led_off                                  0x080054b5   Thumb Code    44  bsp_led.o(i.led_off)
    i.led_on                                 0x080054e0   Section        0  bsp_led.o(i.led_on)
    led_on                                   0x080054e1   Thumb Code    44  bsp_led.o(i.led_on)
    i.led_set_level                          0x0800550c   Section        0  bsp_led.o(i.led_set_level)
    led_set_level                            0x0800550d   Thumb Code    18  bsp_led.o(i.led_set_level)
    i.led_toggle                             0x0800551e   Section        0  bsp_led.o(i.led_toggle)
    led_toggle                               0x0800551f   Thumb Code    42  bsp_led.o(i.led_toggle)
    i.main                                   0x08005548   Section        0  main.o(i.main)
    i.mount_volume                           0x080055c4   Section        0  ff.o(i.mount_volume)
    mount_volume                             0x080055c5   Thumb Code   658  ff.o(i.mount_volume)
    i.move_window                            0x0800586c   Section        0  ff.o(i.move_window)
    move_window                              0x0800586d   Thumb Code    52  ff.o(i.move_window)
    i.my_key_handler                         0x080058a0   Section        0  main.o(i.my_key_handler)
    i.prvResetNextTaskUnblockTime            0x0800590c   Section        0  tasks.o(i.prvResetNextTaskUnblockTime)
    prvResetNextTaskUnblockTime              0x0800590d   Thumb Code    42  tasks.o(i.prvResetNextTaskUnblockTime)
    i.put_fat                                0x08005940   Section        0  ff.o(i.put_fat)
    put_fat                                  0x08005941   Thumb Code   312  ff.o(i.put_fat)
    i.remove_chain                           0x08005a78   Section        0  ff.o(i.remove_chain)
    remove_chain                             0x08005a79   Thumb Code   154  ff.o(i.remove_chain)
    i.sd_app                                 0x08005b14   Section        0  main.o(i.sd_app)
    i.sd_init                                0x08005d6c   Section        0  board_sd.o(i.sd_init)
    i.sd_read                                0x08005df8   Section        0  board_sd.o(i.sd_read)
    i.sd_staus                               0x08005e28   Section        0  board_sd.o(i.sd_staus)
    i.sd_write                               0x08005e2c   Section        0  board_sd.o(i.sd_write)
    i.st_clust                               0x08005e68   Section        0  ff.o(i.st_clust)
    st_clust                                 0x08005e69   Thumb Code    36  ff.o(i.st_clust)
    i.st_dword                               0x08005e8c   Section        0  ff.o(i.st_dword)
    st_dword                                 0x08005e8d   Thumb Code    24  ff.o(i.st_dword)
    i.st_word                                0x08005ea4   Section        0  ff.o(i.st_word)
    st_word                                  0x08005ea5   Thumb Code    12  ff.o(i.st_word)
    i.sync_fs                                0x08005eb0   Section        0  ff.o(i.sync_fs)
    sync_fs                                  0x08005eb1   Thumb Code   132  ff.o(i.sync_fs)
    i.sync_window                            0x08005f3c   Section        0  ff.o(i.sync_window)
    sync_window                              0x08005f3d   Thumb Code    74  ff.o(i.sync_window)
    i.uxListRemove                           0x08005f86   Section        0  list.o(i.uxListRemove)
    i.vListInsertEnd                         0x08005fae   Section        0  list.o(i.vListInsertEnd)
    i.vTaskSwitchContext                     0x08005fc8   Section        0  tasks.o(i.vTaskSwitchContext)
    i.validate                               0x08006058   Section        0  ff.o(i.validate)
    validate                                 0x08006059   Thumb Code    60  ff.o(i.validate)
    i.xPortSysTickHandler                    0x08006094   Section        0  port.o(i.xPortSysTickHandler)
    i.xTaskGetSchedulerState                 0x080060c8   Section        0  tasks.o(i.xTaskGetSchedulerState)
    i.xTaskIncrementTick                     0x080060e8   Section        0  tasks.o(i.xTaskIncrementTick)
    .constdata                               0x0800622c   Section        8  stm32f4xx_hal_dma.o(.constdata)
    flagBitshiftOffset                       0x0800622c   Data           8  stm32f4xx_hal_dma.o(.constdata)
    .constdata                               0x08006234   Section       24  system_stm32f4xx.o(.constdata)
    .constdata                               0x0800624c   Section       72  ff.o(.constdata)
    DbcTbl                                   0x0800624c   Data          10  ff.o(.constdata)
    badchr                                   0x08006256   Data          18  ff.o(.constdata)
    cst                                      0x08006268   Data          14  ff.o(.constdata)
    cst32                                    0x08006276   Data          14  ff.o(.constdata)
    defopt                                   0x08006284   Data          16  ff.o(.constdata)
    .conststring                             0x08006294   Section       13  board_led.o(.conststring)
    .conststring                             0x080062a4   Section        6  board_dht11.o(.conststring)
    .conststring                             0x080062ac   Section        5  board_key.o(.conststring)
    .data                                    0x20000000   Section        9  stm32f4xx_hal.o(.data)
    .data                                    0x2000000c   Section        4  system_stm32f4xx.o(.data)
    .data                                    0x20000010   Section       60  tasks.o(.data)
    pxDelayedTaskList                        0x20000014   Data           4  tasks.o(.data)
    pxOverflowDelayedTaskList                0x20000018   Data           4  tasks.o(.data)
    uxDeletedTasksWaitingCleanUp             0x2000001c   Data           4  tasks.o(.data)
    uxCurrentNumberOfTasks                   0x20000020   Data           4  tasks.o(.data)
    xTickCount                               0x20000024   Data           4  tasks.o(.data)
    uxTopReadyPriority                       0x20000028   Data           4  tasks.o(.data)
    xSchedulerRunning                        0x2000002c   Data           4  tasks.o(.data)
    xPendedTicks                             0x20000030   Data           4  tasks.o(.data)
    xYieldPending                            0x20000034   Data           4  tasks.o(.data)
    xNumOfOverflows                          0x20000038   Data           4  tasks.o(.data)
    uxTaskNumber                             0x2000003c   Data           4  tasks.o(.data)
    xNextTaskUnblockTime                     0x20000040   Data           4  tasks.o(.data)
    xIdleTaskHandle                          0x20000044   Data           4  tasks.o(.data)
    uxSchedulerSuspended                     0x20000048   Data           4  tasks.o(.data)
    .data                                    0x2000004c   Section      112  board_led.o(.data)
    led1_dev                                 0x2000004c   Data          16  board_led.o(.data)
    led2_dev                                 0x2000005c   Data          16  board_led.o(.data)
    led1_ops                                 0x2000006c   Data          20  board_led.o(.data)
    led1_device                              0x20000080   Data          20  board_led.o(.data)
    led2_ops                                 0x20000094   Data          20  board_led.o(.data)
    led2_device                              0x200000a8   Data          20  board_led.o(.data)
    .data                                    0x200000bc   Section       52  board_dht11.o(.data)
    dht111_dev                               0x200000bc   Data          12  board_dht11.o(.data)
    dht11_ops                                0x200000c8   Data          20  board_dht11.o(.data)
    dht11_device                             0x200000dc   Data          20  board_dht11.o(.data)
    .data                                    0x200000f0   Section       60  board_key.o(.data)
    key1_dev                                 0x200000f0   Data          20  board_key.o(.data)
    key_ops                                  0x20000104   Data          20  board_key.o(.data)
    key1_device                              0x20000118   Data          20  board_key.o(.data)
    .data                                    0x2000012c   Section        6  ff.o(.data)
    FatFs                                    0x2000012c   Data           4  ff.o(.data)
    Fsid                                     0x20000130   Data           2  ff.o(.data)
    .data                                    0x20000134   Section        4  stdout.o(.data)
    .bss                                     0x20000138   Section     4252  main.o(.bss)
    fs                                       0x20000338   Data         560  main.o(.bss)
    buf1                                     0x200007c0   Data        2580  main.o(.bss)
    .bss                                     0x200011d4   Section       72  stm32f4xx_hal_timebase_tim.o(.bss)
    .bss                                     0x2000121c   Section     1220  tasks.o(.bss)
    pxReadyTasksLists                        0x2000121c   Data        1120  tasks.o(.bss)
    xDelayedTaskList1                        0x2000167c   Data          20  tasks.o(.bss)
    xDelayedTaskList2                        0x20001690   Data          20  tasks.o(.bss)
    xPendingReadyList                        0x200016a4   Data          20  tasks.o(.bss)
    xTasksWaitingTermination                 0x200016b8   Data          20  tasks.o(.bss)
    xSuspendedTaskList                       0x200016cc   Data          20  tasks.o(.bss)
    .bss                                     0x200016e0   Section       68  hal_usart.o(.bss)
    .bss                                     0x20001724   Section       32  device_manager_1.o(.bss)
    device_table                             0x20001724   Data          32  device_manager_1.o(.bss)
    .bss                                     0x20001744   Section       40  board_led.o(.bss)
    led1_drv                                 0x20001744   Data          20  board_led.o(.bss)
    led2_drv                                 0x20001758   Data          20  board_led.o(.bss)
    .bss                                     0x2000176c   Section       12  board_dht11.o(.bss)
    dht111_drv                               0x2000176c   Data          12  board_dht11.o(.bss)
    .bss                                     0x20001778   Section       12  board_key.o(.bss)
    key1_drv                                 0x20001778   Data          12  board_key.o(.bss)
    .bss                                     0x20001784   Section      356  board_sd.o(.bss)
    .bss                                     0x200018e8   Section     1024  diskio.o(.bss)
    scratch_read                             0x200018e8   Data         512  diskio.o(.bss)
    scratch_write                            0x20001ae8   Data         512  diskio.o(.bss)
    STACK                                    0x20001ce8   Section     1024  startup_stm32f407xx.o(STACK)

    Global Symbols

    Symbol Name                              Value     Ov Type        Size  Object(Section)

    BuildAttributes$$THM_ISAv4$E$P$D$K$B$S$7EM$VFPi3$EXTD16$VFPS$VFMA$PE$A:L22UL41UL21$X:L11$S22US41US21$IEEE1$IW$USESV6$~STKCKD$USESV7$~SHL$OSPACE$ROPI$EBA8$MICROLIB$REQ8$PRES8$EABIv2 0x00000000   Number         0  anon$$obj.o ABSOLUTE
    __ARM_use_no_argv                        0x00000000   Number         0  main.o ABSOLUTE
    _printf_a                                0x00000000   Number         0  stubs.o ABSOLUTE
    _printf_c                                0x00000000   Number         0  stubs.o ABSOLUTE
    _printf_charcount                        0x00000000   Number         0  stubs.o ABSOLUTE
    _printf_d                                0x00000000   Number         0  stubs.o ABSOLUTE
    _printf_e                                0x00000000   Number         0  stubs.o ABSOLUTE
    _printf_f                                0x00000000   Number         0  stubs.o ABSOLUTE
    _printf_flags                            0x00000000   Number         0  stubs.o ABSOLUTE
    _printf_fp_dec                           0x00000000   Number         0  stubs.o ABSOLUTE
    _printf_fp_hex                           0x00000000   Number         0  stubs.o ABSOLUTE
    _printf_g                                0x00000000   Number         0  stubs.o ABSOLUTE
    _printf_i                                0x00000000   Number         0  stubs.o ABSOLUTE
    _printf_int_dec                          0x00000000   Number         0  stubs.o ABSOLUTE
    _printf_l                                0x00000000   Number         0  stubs.o ABSOLUTE
    _printf_lc                               0x00000000   Number         0  stubs.o ABSOLUTE
    _printf_ll                               0x00000000   Number         0  stubs.o ABSOLUTE
    _printf_lld                              0x00000000   Number         0  stubs.o ABSOLUTE
    _printf_lli                              0x00000000   Number         0  stubs.o ABSOLUTE
    _printf_llo                              0x00000000   Number         0  stubs.o ABSOLUTE
    _printf_llu                              0x00000000   Number         0  stubs.o ABSOLUTE
    _printf_llx                              0x00000000   Number         0  stubs.o ABSOLUTE
    _printf_longlong_dec                     0x00000000   Number         0  stubs.o ABSOLUTE
    _printf_longlong_hex                     0x00000000   Number         0  stubs.o ABSOLUTE
    _printf_longlong_oct                     0x00000000   Number         0  stubs.o ABSOLUTE
    _printf_ls                               0x00000000   Number         0  stubs.o ABSOLUTE
    _printf_mbtowc                           0x00000000   Number         0  stubs.o ABSOLUTE
    _printf_n                                0x00000000   Number         0  stubs.o ABSOLUTE
    _printf_o                                0x00000000   Number         0  stubs.o ABSOLUTE
    _printf_p                                0x00000000   Number         0  stubs.o ABSOLUTE
    _printf_percent                          0x00000000   Number         0  stubs.o ABSOLUTE
    _printf_pre_padding                      0x00000000   Number         0  stubs.o ABSOLUTE
    _printf_return_value                     0x00000000   Number         0  stubs.o ABSOLUTE
    _printf_s                                0x00000000   Number         0  stubs.o ABSOLUTE
    _printf_sizespec                         0x00000000   Number         0  stubs.o ABSOLUTE
    _printf_str                              0x00000000   Number         0  stubs.o ABSOLUTE
    _printf_truncate_signed                  0x00000000   Number         0  stubs.o ABSOLUTE
    _printf_truncate_unsigned                0x00000000   Number         0  stubs.o ABSOLUTE
    _printf_u                                0x00000000   Number         0  stubs.o ABSOLUTE
    _printf_wc                               0x00000000   Number         0  stubs.o ABSOLUTE
    _printf_wctomb                           0x00000000   Number         0  stubs.o ABSOLUTE
    _printf_widthprec                        0x00000000   Number         0  stubs.o ABSOLUTE
    _printf_x                                0x00000000   Number         0  stubs.o ABSOLUTE
    __arm_fini_                               - Undefined Weak Reference
    __cpp_initialize__aeabi_                  - Undefined Weak Reference
    __cxa_finalize                            - Undefined Weak Reference
    _clock_init                               - Undefined Weak Reference
    _microlib_exit                            - Undefined Weak Reference
    __Vectors_Size                           0x00000188   Number         0  startup_stm32f407xx.o ABSOLUTE
    __Vectors                                0x08000000   Data           4  startup_stm32f407xx.o(RESET)
    __Vectors_End                            0x08000188   Data           0  startup_stm32f407xx.o(RESET)
    __main                                   0x08000189   Thumb Code     0  entry.o(.ARM.Collect$$$$00000000)
    _main_stk                                0x08000189   Thumb Code     0  entry2.o(.ARM.Collect$$$$00000001)
    _main_scatterload                        0x0800018d   Thumb Code     0  entry5.o(.ARM.Collect$$$$00000004)
    __main_after_scatterload                 0x08000191   Thumb Code     0  entry5.o(.ARM.Collect$$$$00000004)
    _main_clock                              0x08000191   Thumb Code     0  entry7b.o(.ARM.Collect$$$$00000008)
    _main_cpp_init                           0x08000191   Thumb Code     0  entry8b.o(.ARM.Collect$$$$0000000A)
    _main_init                               0x08000191   Thumb Code     0  entry9a.o(.ARM.Collect$$$$0000000B)
    __rt_lib_shutdown_fini                   0x08000199   Thumb Code     0  entry12b.o(.ARM.Collect$$$$0000000E)
    __rt_final_cpp                           0x0800019d   Thumb Code     0  entry10a.o(.ARM.Collect$$$$0000000F)
    __rt_final_exit                          0x0800019d   Thumb Code     0  entry11a.o(.ARM.Collect$$$$00000011)
    SVC_Handler                              0x080001a1   Thumb Code    28  port.o(.emb_text)
    __asm___6_port_c_39a90d8d__prvStartFirstTask 0x080001c1   Thumb Code    36  port.o(.emb_text)
    __asm___6_port_c_39a90d8d__prvEnableVFP  0x080001e9   Thumb Code    16  port.o(.emb_text)
    PendSV_Handler                           0x080001fd   Thumb Code    88  port.o(.emb_text)
    vPortGetIPSR                             0x08000259   Thumb Code     6  port.o(.emb_text)
    Reset_Handler                            0x08000261   Thumb Code     8  startup_stm32f407xx.o(.text)
    ADC_IRQHandler                           0x0800027b   Thumb Code     0  startup_stm32f407xx.o(.text)
    CAN1_RX0_IRQHandler                      0x0800027b   Thumb Code     0  startup_stm32f407xx.o(.text)
    CAN1_RX1_IRQHandler                      0x0800027b   Thumb Code     0  startup_stm32f407xx.o(.text)
    CAN1_SCE_IRQHandler                      0x0800027b   Thumb Code     0  startup_stm32f407xx.o(.text)
    CAN1_TX_IRQHandler                       0x0800027b   Thumb Code     0  startup_stm32f407xx.o(.text)
    CAN2_RX0_IRQHandler                      0x0800027b   Thumb Code     0  startup_stm32f407xx.o(.text)
    CAN2_RX1_IRQHandler                      0x0800027b   Thumb Code     0  startup_stm32f407xx.o(.text)
    CAN2_SCE_IRQHandler                      0x0800027b   Thumb Code     0  startup_stm32f407xx.o(.text)
    CAN2_TX_IRQHandler                       0x0800027b   Thumb Code     0  startup_stm32f407xx.o(.text)
    DCMI_IRQHandler                          0x0800027b   Thumb Code     0  startup_stm32f407xx.o(.text)
    DMA1_Stream0_IRQHandler                  0x0800027b   Thumb Code     0  startup_stm32f407xx.o(.text)
    DMA1_Stream1_IRQHandler                  0x0800027b   Thumb Code     0  startup_stm32f407xx.o(.text)
    DMA1_Stream2_IRQHandler                  0x0800027b   Thumb Code     0  startup_stm32f407xx.o(.text)
    DMA1_Stream3_IRQHandler                  0x0800027b   Thumb Code     0  startup_stm32f407xx.o(.text)
    DMA1_Stream4_IRQHandler                  0x0800027b   Thumb Code     0  startup_stm32f407xx.o(.text)
    DMA1_Stream5_IRQHandler                  0x0800027b   Thumb Code     0  startup_stm32f407xx.o(.text)
    DMA1_Stream6_IRQHandler                  0x0800027b   Thumb Code     0  startup_stm32f407xx.o(.text)
    DMA1_Stream7_IRQHandler                  0x0800027b   Thumb Code     0  startup_stm32f407xx.o(.text)
    DMA2_Stream0_IRQHandler                  0x0800027b   Thumb Code     0  startup_stm32f407xx.o(.text)
    DMA2_Stream1_IRQHandler                  0x0800027b   Thumb Code     0  startup_stm32f407xx.o(.text)
    DMA2_Stream2_IRQHandler                  0x0800027b   Thumb Code     0  startup_stm32f407xx.o(.text)
    DMA2_Stream4_IRQHandler                  0x0800027b   Thumb Code     0  startup_stm32f407xx.o(.text)
    DMA2_Stream5_IRQHandler                  0x0800027b   Thumb Code     0  startup_stm32f407xx.o(.text)
    DMA2_Stream7_IRQHandler                  0x0800027b   Thumb Code     0  startup_stm32f407xx.o(.text)
    ETH_IRQHandler                           0x0800027b   Thumb Code     0  startup_stm32f407xx.o(.text)
    ETH_WKUP_IRQHandler                      0x0800027b   Thumb Code     0  startup_stm32f407xx.o(.text)
    EXTI0_IRQHandler                         0x0800027b   Thumb Code     0  startup_stm32f407xx.o(.text)
    EXTI15_10_IRQHandler                     0x0800027b   Thumb Code     0  startup_stm32f407xx.o(.text)
    EXTI1_IRQHandler                         0x0800027b   Thumb Code     0  startup_stm32f407xx.o(.text)
    EXTI2_IRQHandler                         0x0800027b   Thumb Code     0  startup_stm32f407xx.o(.text)
    EXTI3_IRQHandler                         0x0800027b   Thumb Code     0  startup_stm32f407xx.o(.text)
    EXTI4_IRQHandler                         0x0800027b   Thumb Code     0  startup_stm32f407xx.o(.text)
    EXTI9_5_IRQHandler                       0x0800027b   Thumb Code     0  startup_stm32f407xx.o(.text)
    FLASH_IRQHandler                         0x0800027b   Thumb Code     0  startup_stm32f407xx.o(.text)
    FMC_IRQHandler                           0x0800027b   Thumb Code     0  startup_stm32f407xx.o(.text)
    FPU_IRQHandler                           0x0800027b   Thumb Code     0  startup_stm32f407xx.o(.text)
    HASH_RNG_IRQHandler                      0x0800027b   Thumb Code     0  startup_stm32f407xx.o(.text)
    I2C1_ER_IRQHandler                       0x0800027b   Thumb Code     0  startup_stm32f407xx.o(.text)
    I2C1_EV_IRQHandler                       0x0800027b   Thumb Code     0  startup_stm32f407xx.o(.text)
    I2C2_ER_IRQHandler                       0x0800027b   Thumb Code     0  startup_stm32f407xx.o(.text)
    I2C2_EV_IRQHandler                       0x0800027b   Thumb Code     0  startup_stm32f407xx.o(.text)
    I2C3_ER_IRQHandler                       0x0800027b   Thumb Code     0  startup_stm32f407xx.o(.text)
    I2C3_EV_IRQHandler                       0x0800027b   Thumb Code     0  startup_stm32f407xx.o(.text)
    OTG_FS_IRQHandler                        0x0800027b   Thumb Code     0  startup_stm32f407xx.o(.text)
    OTG_FS_WKUP_IRQHandler                   0x0800027b   Thumb Code     0  startup_stm32f407xx.o(.text)
    OTG_HS_EP1_IN_IRQHandler                 0x0800027b   Thumb Code     0  startup_stm32f407xx.o(.text)
    OTG_HS_EP1_OUT_IRQHandler                0x0800027b   Thumb Code     0  startup_stm32f407xx.o(.text)
    OTG_HS_IRQHandler                        0x0800027b   Thumb Code     0  startup_stm32f407xx.o(.text)
    OTG_HS_WKUP_IRQHandler                   0x0800027b   Thumb Code     0  startup_stm32f407xx.o(.text)
    PVD_IRQHandler                           0x0800027b   Thumb Code     0  startup_stm32f407xx.o(.text)
    RCC_IRQHandler                           0x0800027b   Thumb Code     0  startup_stm32f407xx.o(.text)
    RTC_Alarm_IRQHandler                     0x0800027b   Thumb Code     0  startup_stm32f407xx.o(.text)
    RTC_WKUP_IRQHandler                      0x0800027b   Thumb Code     0  startup_stm32f407xx.o(.text)
    SPI1_IRQHandler                          0x0800027b   Thumb Code     0  startup_stm32f407xx.o(.text)
    SPI2_IRQHandler                          0x0800027b   Thumb Code     0  startup_stm32f407xx.o(.text)
    SPI3_IRQHandler                          0x0800027b   Thumb Code     0  startup_stm32f407xx.o(.text)
    TAMP_STAMP_IRQHandler                    0x0800027b   Thumb Code     0  startup_stm32f407xx.o(.text)
    TIM1_BRK_TIM9_IRQHandler                 0x0800027b   Thumb Code     0  startup_stm32f407xx.o(.text)
    TIM1_CC_IRQHandler                       0x0800027b   Thumb Code     0  startup_stm32f407xx.o(.text)
    TIM1_TRG_COM_TIM11_IRQHandler            0x0800027b   Thumb Code     0  startup_stm32f407xx.o(.text)
    TIM1_UP_TIM10_IRQHandler                 0x0800027b   Thumb Code     0  startup_stm32f407xx.o(.text)
    TIM3_IRQHandler                          0x0800027b   Thumb Code     0  startup_stm32f407xx.o(.text)
    TIM4_IRQHandler                          0x0800027b   Thumb Code     0  startup_stm32f407xx.o(.text)
    TIM5_IRQHandler                          0x0800027b   Thumb Code     0  startup_stm32f407xx.o(.text)
    TIM6_DAC_IRQHandler                      0x0800027b   Thumb Code     0  startup_stm32f407xx.o(.text)
    TIM7_IRQHandler                          0x0800027b   Thumb Code     0  startup_stm32f407xx.o(.text)
    TIM8_BRK_TIM12_IRQHandler                0x0800027b   Thumb Code     0  startup_stm32f407xx.o(.text)
    TIM8_CC_IRQHandler                       0x0800027b   Thumb Code     0  startup_stm32f407xx.o(.text)
    TIM8_TRG_COM_TIM14_IRQHandler            0x0800027b   Thumb Code     0  startup_stm32f407xx.o(.text)
    TIM8_UP_TIM13_IRQHandler                 0x0800027b   Thumb Code     0  startup_stm32f407xx.o(.text)
    UART4_IRQHandler                         0x0800027b   Thumb Code     0  startup_stm32f407xx.o(.text)
    UART5_IRQHandler                         0x0800027b   Thumb Code     0  startup_stm32f407xx.o(.text)
    USART1_IRQHandler                        0x0800027b   Thumb Code     0  startup_stm32f407xx.o(.text)
    USART2_IRQHandler                        0x0800027b   Thumb Code     0  startup_stm32f407xx.o(.text)
    USART3_IRQHandler                        0x0800027b   Thumb Code     0  startup_stm32f407xx.o(.text)
    USART6_IRQHandler                        0x0800027b   Thumb Code     0  startup_stm32f407xx.o(.text)
    WWDG_IRQHandler                          0x0800027b   Thumb Code     0  startup_stm32f407xx.o(.text)
    __aeabi_uldivmod                         0x08000285   Thumb Code    98  uldiv.o(.text)
    __aeabi_memcpy                           0x080002e7   Thumb Code    36  memcpya.o(.text)
    __aeabi_memcpy4                          0x080002e7   Thumb Code     0  memcpya.o(.text)
    __aeabi_memcpy8                          0x080002e7   Thumb Code     0  memcpya.o(.text)
    __aeabi_memset                           0x0800030b   Thumb Code    14  memseta.o(.text)
    __aeabi_memset4                          0x0800030b   Thumb Code     0  memseta.o(.text)
    __aeabi_memset8                          0x0800030b   Thumb Code     0  memseta.o(.text)
    __aeabi_memclr                           0x08000319   Thumb Code     4  memseta.o(.text)
    __aeabi_memclr4                          0x08000319   Thumb Code     0  memseta.o(.text)
    __aeabi_memclr8                          0x08000319   Thumb Code     0  memseta.o(.text)
    memset                                   0x0800031d   Thumb Code    18  memseta.o(.text)
    strchr                                   0x0800032f   Thumb Code    20  strchr.o(.text)
    strlen                                   0x08000343   Thumb Code    14  strlen.o(.text)
    strcmp                                   0x08000351   Thumb Code    28  strcmp.o(.text)
    memcmp                                   0x0800036d   Thumb Code    26  memcmp.o(.text)
    __aeabi_llsl                             0x08000387   Thumb Code    30  llshl.o(.text)
    _ll_shift_l                              0x08000387   Thumb Code     0  llshl.o(.text)
    __aeabi_llsr                             0x080003a5   Thumb Code    32  llushr.o(.text)
    _ll_ushift_r                             0x080003a5   Thumb Code     0  llushr.o(.text)
    __scatterload                            0x080003c5   Thumb Code    28  init.o(.text)
    __scatterload_rt2                        0x080003c5   Thumb Code     0  init.o(.text)
    __decompress                             0x080003e9   Thumb Code     0  __dczerorl2.o(.text)
    __decompress1                            0x080003e9   Thumb Code    86  __dczerorl2.o(.text)
    BusFault_Handler                         0x0800043f   Thumb Code     4  stm32f4xx_it.o(i.BusFault_Handler)
    DMA2_Stream3_IRQHandler                  0x08000445   Thumb Code    10  stm32f4xx_it.o(i.DMA2_Stream3_IRQHandler)
    DMA2_Stream6_IRQHandler                  0x08000455   Thumb Code    10  stm32f4xx_it.o(i.DMA2_Stream6_IRQHandler)
    DebugMon_Handler                         0x0800056f   Thumb Code     2  stm32f4xx_it.o(i.DebugMon_Handler)
    Error_Handler                            0x08000571   Thumb Code     6  main.o(i.Error_Handler)
    HAL_DMA_Abort_IT                         0x08000577   Thumb Code    40  stm32f4xx_hal_dma.o(i.HAL_DMA_Abort_IT)
    HAL_DMA_GetError                         0x0800059f   Thumb Code     6  stm32f4xx_hal_dma.o(i.HAL_DMA_GetError)
    HAL_DMA_IRQHandler                       0x080005a5   Thumb Code   570  stm32f4xx_hal_dma.o(i.HAL_DMA_IRQHandler)
    HAL_DMA_Init                             0x080007e5   Thumb Code   232  stm32f4xx_hal_dma.o(i.HAL_DMA_Init)
    HAL_DMA_Start_IT                         0x080008d1   Thumb Code   146  stm32f4xx_hal_dma.o(i.HAL_DMA_Start_IT)
    HAL_Delay                                0x08000965   Thumb Code    36  stm32f4xx_hal.o(i.HAL_Delay)
    HAL_GPIO_Init                            0x0800098d   Thumb Code   454  stm32f4xx_hal_gpio.o(i.HAL_GPIO_Init)
    HAL_GPIO_ReadPin                         0x08000b81   Thumb Code    16  stm32f4xx_hal_gpio.o(i.HAL_GPIO_ReadPin)
    HAL_GPIO_WritePin                        0x08000b91   Thumb Code    12  stm32f4xx_hal_gpio.o(i.HAL_GPIO_WritePin)
    HAL_GetTick                              0x08000b9d   Thumb Code     6  stm32f4xx_hal.o(i.HAL_GetTick)
    HAL_IncTick                              0x08000ba9   Thumb Code    16  stm32f4xx_hal.o(i.HAL_IncTick)
    HAL_Init                                 0x08000bc1   Thumb Code    54  stm32f4xx_hal.o(i.HAL_Init)
    HAL_InitTick                             0x08000bfd   Thumb Code   162  stm32f4xx_hal_timebase_tim.o(i.HAL_InitTick)
    HAL_MspInit                              0x08000cb1   Thumb Code    78  stm32f4xx_hal_msp.o(i.HAL_MspInit)
    HAL_NVIC_EnableIRQ                       0x08000d05   Thumb Code    32  stm32f4xx_hal_cortex.o(i.HAL_NVIC_EnableIRQ)
    HAL_NVIC_SetPriority                     0x08000d25   Thumb Code   124  stm32f4xx_hal_cortex.o(i.HAL_NVIC_SetPriority)
    HAL_NVIC_SetPriorityGrouping             0x08000da1   Thumb Code    32  stm32f4xx_hal_cortex.o(i.HAL_NVIC_SetPriorityGrouping)
    HAL_RCC_ClockConfig                      0x08000dc9   Thumb Code   368  stm32f4xx_hal_rcc.o(i.HAL_RCC_ClockConfig)
    HAL_RCC_GetClockConfig                   0x08000f4d   Thumb Code    58  stm32f4xx_hal_rcc.o(i.HAL_RCC_GetClockConfig)
    HAL_RCC_GetHCLKFreq                      0x08000f91   Thumb Code     6  stm32f4xx_hal_rcc.o(i.HAL_RCC_GetHCLKFreq)
    HAL_RCC_GetPCLK1Freq                     0x08000f9d   Thumb Code    22  stm32f4xx_hal_rcc.o(i.HAL_RCC_GetPCLK1Freq)
    HAL_RCC_GetPCLK2Freq                     0x08000fbd   Thumb Code    22  stm32f4xx_hal_rcc.o(i.HAL_RCC_GetPCLK2Freq)
    HAL_RCC_GetSysClockFreq                  0x08000fdd   Thumb Code   162  stm32f4xx_hal_rcc.o(i.HAL_RCC_GetSysClockFreq)
    HAL_RCC_OscConfig                        0x0800108d   Thumb Code  1172  stm32f4xx_hal_rcc.o(i.HAL_RCC_OscConfig)
    HAL_SD_AbortCallback                     0x08001529   Thumb Code     2  stm32f4xx_hal_sd.o(i.HAL_SD_AbortCallback)
    HAL_SD_ConfigWideBusOperation            0x0800152d   Thumb Code   196  stm32f4xx_hal_sd.o(i.HAL_SD_ConfigWideBusOperation)
    HAL_SD_ErrorCallback                     0x080015f5   Thumb Code     2  stm32f4xx_hal_sd.o(i.HAL_SD_ErrorCallback)
    HAL_SD_GetCardCSD                        0x080015f9   Thumb Code   450  stm32f4xx_hal_sd.o(i.HAL_SD_GetCardCSD)
    HAL_SD_GetCardInfo                       0x080017c1   Thumb Code    38  stm32f4xx_hal_sd.o(i.HAL_SD_GetCardInfo)
    HAL_SD_GetCardState                      0x080017e7   Thumb Code    36  stm32f4xx_hal_sd.o(i.HAL_SD_GetCardState)
    HAL_SD_IRQHandler                        0x0800180d   Thumb Code   530  stm32f4xx_hal_sd.o(i.HAL_SD_IRQHandler)
    HAL_SD_Init                              0x08001a29   Thumb Code    60  stm32f4xx_hal_sd.o(i.HAL_SD_Init)
    HAL_SD_InitCard                          0x08001a65   Thumb Code   168  stm32f4xx_hal_sd.o(i.HAL_SD_InitCard)
    HAL_SD_MspInit                           0x08001b15   Thumb Code   354  board_sd.o(i.HAL_SD_MspInit)
    HAL_SD_ReadBlocks_DMA                    0x08001c95   Thumb Code   318  stm32f4xx_hal_sd.o(i.HAL_SD_ReadBlocks_DMA)
    HAL_SD_RxCpltCallback                    0x08001de5   Thumb Code     2  board_sd.o(i.HAL_SD_RxCpltCallback)
    HAL_SD_TxCpltCallback                    0x08001de7   Thumb Code     2  board_sd.o(i.HAL_SD_TxCpltCallback)
    HAL_SD_WriteBlocks_DMA                   0x08001de9   Thumb Code   322  stm32f4xx_hal_sd.o(i.HAL_SD_WriteBlocks_DMA)
    HAL_TIMEx_BreakCallback                  0x08001f3d   Thumb Code     2  stm32f4xx_hal_tim_ex.o(i.HAL_TIMEx_BreakCallback)
    HAL_TIMEx_CommutCallback                 0x08001f3f   Thumb Code     2  stm32f4xx_hal_tim_ex.o(i.HAL_TIMEx_CommutCallback)
    HAL_TIM_Base_Init                        0x08001f41   Thumb Code   102  stm32f4xx_hal_tim.o(i.HAL_TIM_Base_Init)
    HAL_TIM_Base_MspInit                     0x08001fa7   Thumb Code     2  stm32f4xx_hal_tim.o(i.HAL_TIM_Base_MspInit)
    HAL_TIM_Base_Start_IT                    0x08001fa9   Thumb Code   138  stm32f4xx_hal_tim.o(i.HAL_TIM_Base_Start_IT)
    HAL_TIM_IC_CaptureCallback               0x08002051   Thumb Code     2  stm32f4xx_hal_tim.o(i.HAL_TIM_IC_CaptureCallback)
    HAL_TIM_IRQHandler                       0x08002053   Thumb Code   406  stm32f4xx_hal_tim.o(i.HAL_TIM_IRQHandler)
    HAL_TIM_OC_DelayElapsedCallback          0x080021e9   Thumb Code     2  stm32f4xx_hal_tim.o(i.HAL_TIM_OC_DelayElapsedCallback)
    HAL_TIM_PWM_PulseFinishedCallback        0x080021eb   Thumb Code     2  stm32f4xx_hal_tim.o(i.HAL_TIM_PWM_PulseFinishedCallback)
    HAL_TIM_PeriodElapsedCallback            0x080021ed   Thumb Code    18  main.o(i.HAL_TIM_PeriodElapsedCallback)
    HAL_TIM_TriggerCallback                  0x080021ff   Thumb Code     2  stm32f4xx_hal_tim.o(i.HAL_TIM_TriggerCallback)
    HAL_UART_Init                            0x08002201   Thumb Code   114  stm32f4xx_hal_uart.o(i.HAL_UART_Init)
    HAL_UART_MspInit                         0x08002275   Thumb Code   124  hal_usart.o(i.HAL_UART_MspInit)
    HAL_UART_Transmit                        0x080022fd   Thumb Code   210  stm32f4xx_hal_uart.o(i.HAL_UART_Transmit)
    HardFault_Handler                        0x080023cf   Thumb Code     4  stm32f4xx_it.o(i.HardFault_Handler)
    MX_DMA_Init                              0x080023d5   Thumb Code    68  board_dma.o(i.MX_DMA_Init)
    MX_USART1_UART_Init                      0x0800241d   Thumb Code    46  hal_usart.o(i.MX_USART1_UART_Init)
    MemManage_Handler                        0x08002455   Thumb Code     4  stm32f4xx_it.o(i.MemManage_Handler)
    NMI_Handler                              0x08002459   Thumb Code     4  stm32f4xx_it.o(i.NMI_Handler)
    SDIO_ConfigData                          0x0800245d   Thumb Code    44  stm32f4xx_ll_sdmmc.o(i.SDIO_ConfigData)
    SDIO_GetCommandResponse                  0x08002489   Thumb Code     8  stm32f4xx_ll_sdmmc.o(i.SDIO_GetCommandResponse)
    SDIO_GetPowerState                       0x08002491   Thumb Code    10  stm32f4xx_ll_sdmmc.o(i.SDIO_GetPowerState)
    SDIO_GetResponse                         0x0800249b   Thumb Code    12  stm32f4xx_ll_sdmmc.o(i.SDIO_GetResponse)
    SDIO_IRQHandler                          0x080024a9   Thumb Code    10  stm32f4xx_it.o(i.SDIO_IRQHandler)
    SDIO_Init                                0x080024b9   Thumb Code    52  stm32f4xx_ll_sdmmc.o(i.SDIO_Init)
    SDIO_PowerState_ON                       0x080024ed   Thumb Code    10  stm32f4xx_ll_sdmmc.o(i.SDIO_PowerState_ON)
    SDIO_ReadFIFO                            0x080024f7   Thumb Code     8  stm32f4xx_ll_sdmmc.o(i.SDIO_ReadFIFO)
    SDIO_SendCommand                         0x080024ff   Thumb Code    40  stm32f4xx_ll_sdmmc.o(i.SDIO_SendCommand)
    SDIO_WriteFIFO                           0x08002527   Thumb Code    12  stm32f4xx_ll_sdmmc.o(i.SDIO_WriteFIFO)
    SDMMC_CmdAppCommand                      0x08002533   Thumb Code    56  stm32f4xx_ll_sdmmc.o(i.SDMMC_CmdAppCommand)
    SDMMC_CmdAppOperCommand                  0x0800256d   Thumb Code    54  stm32f4xx_ll_sdmmc.o(i.SDMMC_CmdAppOperCommand)
    SDMMC_CmdBlockLength                     0x080025a9   Thumb Code    56  stm32f4xx_ll_sdmmc.o(i.SDMMC_CmdBlockLength)
    SDMMC_CmdBusWidth                        0x080025e1   Thumb Code    56  stm32f4xx_ll_sdmmc.o(i.SDMMC_CmdBusWidth)
    SDMMC_CmdGoIdleState                     0x08002619   Thumb Code    44  stm32f4xx_ll_sdmmc.o(i.SDMMC_CmdGoIdleState)
    SDMMC_CmdOperCond                        0x08002645   Thumb Code    52  stm32f4xx_ll_sdmmc.o(i.SDMMC_CmdOperCond)
    SDMMC_CmdReadMultiBlock                  0x08002679   Thumb Code    56  stm32f4xx_ll_sdmmc.o(i.SDMMC_CmdReadMultiBlock)
    SDMMC_CmdReadSingleBlock                 0x080026b1   Thumb Code    56  stm32f4xx_ll_sdmmc.o(i.SDMMC_CmdReadSingleBlock)
    SDMMC_CmdSelDesel                        0x080026e9   Thumb Code    58  stm32f4xx_ll_sdmmc.o(i.SDMMC_CmdSelDesel)
    SDMMC_CmdSendCID                         0x08002723   Thumb Code    50  stm32f4xx_ll_sdmmc.o(i.SDMMC_CmdSendCID)
    SDMMC_CmdSendCSD                         0x08002755   Thumb Code    50  stm32f4xx_ll_sdmmc.o(i.SDMMC_CmdSendCSD)
    SDMMC_CmdSendSCR                         0x08002787   Thumb Code    56  stm32f4xx_ll_sdmmc.o(i.SDMMC_CmdSendSCR)
    SDMMC_CmdSendStatus                      0x080027bf   Thumb Code    56  stm32f4xx_ll_sdmmc.o(i.SDMMC_CmdSendStatus)
    SDMMC_CmdSetRelAdd                       0x080027f7   Thumb Code    56  stm32f4xx_ll_sdmmc.o(i.SDMMC_CmdSetRelAdd)
    SDMMC_CmdStopTransfer                    0x08002831   Thumb Code    54  stm32f4xx_ll_sdmmc.o(i.SDMMC_CmdStopTransfer)
    SDMMC_CmdWriteMultiBlock                 0x0800286d   Thumb Code    56  stm32f4xx_ll_sdmmc.o(i.SDMMC_CmdWriteMultiBlock)
    SDMMC_CmdWriteSingleBlock                0x080028a5   Thumb Code    56  stm32f4xx_ll_sdmmc.o(i.SDMMC_CmdWriteSingleBlock)
    SDMMC_GetCmdResp1                        0x0800291d   Thumb Code   418  stm32f4xx_ll_sdmmc.o(i.SDMMC_GetCmdResp1)
    SDMMC_GetCmdResp2                        0x08002ac9   Thumb Code    96  stm32f4xx_ll_sdmmc.o(i.SDMMC_GetCmdResp2)
    SDMMC_GetCmdResp3                        0x08002b2d   Thumb Code    82  stm32f4xx_ll_sdmmc.o(i.SDMMC_GetCmdResp3)
    SDMMC_GetCmdResp6                        0x08002b85   Thumb Code   180  stm32f4xx_ll_sdmmc.o(i.SDMMC_GetCmdResp6)
    SDMMC_GetCmdResp7                        0x08002c3d   Thumb Code   104  stm32f4xx_ll_sdmmc.o(i.SDMMC_GetCmdResp7)
    SysTick_Handler                          0x080032b7   Thumb Code    22  cmsis_os2.o(i.SysTick_Handler)
    SystemClock_Config                       0x080032cd   Thumb Code   174  main.o(i.SystemClock_Config)
    SystemInit                               0x08003385   Thumb Code    14  system_stm32f4xx.o(i.SystemInit)
    TIM2_IRQHandler                          0x08003399   Thumb Code    10  stm32f4xx_it.o(i.TIM2_IRQHandler)
    TIM_Base_SetConfig                       0x080033a9   Thumb Code   170  stm32f4xx_hal_tim.o(i.TIM_Base_SetConfig)
    UsageFault_Handler                       0x0800373f   Thumb Code     4  stm32f4xx_it.o(i.UsageFault_Handler)
    __0printf$8                              0x08003745   Thumb Code    22  printf8.o(i.__0printf$8)
    __1printf$8                              0x08003745   Thumb Code     0  printf8.o(i.__0printf$8)
    __2printf                                0x08003745   Thumb Code     0  printf8.o(i.__0printf$8)
    __scatterload_copy                       0x0800379d   Thumb Code    14  handlers.o(i.__scatterload_copy)
    __scatterload_null                       0x080037ab   Thumb Code     2  handlers.o(i.__scatterload_null)
    __scatterload_zeroinit                   0x080037ad   Thumb Code    14  handlers.o(i.__scatterload_zeroinit)
    board_dht11_init                         0x08003c15   Thumb Code    18  board_dht11.o(i.board_dht11_init)
    board_key_init                           0x08003c35   Thumb Code    18  board_key.o(i.board_key_init)
    board_led_init                           0x08003c55   Thumb Code    32  board_led.o(i.board_led_init)
    device_find                              0x08004061   Thumb Code    52  device_manager_1.o(i.device_find)
    device_open                              0x08004099   Thumb Code    50  device_manager_1.o(i.device_open)
    device_register                          0x080040cd   Thumb Code    98  device_manager_1.o(i.device_register)
    device_write                             0x08004135   Thumb Code    48  device_manager_1.o(i.device_write)
    dht11_driver_register                    0x08004185   Thumb Code    12  bsp_dht11.o(i.dht11_driver_register)
    dht11_init                               0x08004199   Thumb Code    50  bsp_dht11.o(i.dht11_init)
    dht11_read                               0x080041cb   Thumb Code    78  bsp_dht11.o(i.dht11_read)
    disk_initialize                          0x080045e5   Thumb Code    20  diskio.o(i.disk_initialize)
    disk_ioctl                               0x080045f9   Thumb Code    64  diskio.o(i.disk_ioctl)
    disk_read                                0x0800463d   Thumb Code   100  diskio.o(i.disk_read)
    disk_status                              0x080046a5   Thumb Code    20  diskio.o(i.disk_status)
    disk_write                               0x080046b9   Thumb Code   100  diskio.o(i.disk_write)
    f_close                                  0x08004721   Thumb Code    34  ff.o(i.f_close)
    f_closedir                               0x08004743   Thumb Code    24  ff.o(i.f_closedir)
    f_mount                                  0x0800475d   Thumb Code    80  ff.o(i.f_mount)
    f_open                                   0x080047b1   Thumb Code   496  ff.o(i.f_open)
    f_opendir                                0x080049a5   Thumb Code   108  ff.o(i.f_opendir)
    f_read                                   0x08004a11   Thumb Code   428  ff.o(i.f_read)
    f_sync                                   0x08004bbd   Thumb Code   156  ff.o(i.f_sync)
    f_write                                  0x08004c5d   Thumb Code   494  ff.o(i.f_write)
    fputc                                    0x08004f61   Thumb Code    20  main.o(i.fputc)
    gpio_clock_enable                        0x080050a9   Thumb Code   232  hal_gpio.o(i.gpio_clock_enable)
    hal_delay_ms                             0x080051ad   Thumb Code    12  hal_delay.o(i.hal_delay_ms)
    hal_delay_us                             0x080051b9   Thumb Code    34  hal_delay.o(i.hal_delay_us)
    hal_gpio_read                            0x080051e9   Thumb Code    16  hal_gpio.o(i.hal_gpio_read)
    hal_gpio_write                           0x080051f9   Thumb Code    32  hal_gpio.o(i.hal_gpio_write)
    key_driver_register                      0x08005245   Thumb Code    12  bsp_key.o(i.key_driver_register)
    key_init                                 0x08005259   Thumb Code    60  bsp_key.o(i.key_init)
    key_scan                                 0x08005295   Thumb Code   292  bsp_key.o(i.key_scan)
    key_trigger_event                        0x080053b9   Thumb Code    24  board_key.o(i.key_trigger_event)
    led_driver_register                      0x08005455   Thumb Code    20  bsp_led.o(i.led_driver_register)
    main                                     0x08005549   Thumb Code    82  main.o(i.main)
    my_key_handler                           0x080058a1   Thumb Code    54  main.o(i.my_key_handler)
    sd_app                                   0x08005b15   Thumb Code   258  main.o(i.sd_app)
    sd_init                                  0x08005d6d   Thumb Code   128  board_sd.o(i.sd_init)
    sd_read                                  0x08005df9   Thumb Code    42  board_sd.o(i.sd_read)
    sd_staus                                 0x08005e29   Thumb Code     4  board_sd.o(i.sd_staus)
    sd_write                                 0x08005e2d   Thumb Code    54  board_sd.o(i.sd_write)
    uxListRemove                             0x08005f87   Thumb Code    40  list.o(i.uxListRemove)
    vListInsertEnd                           0x08005faf   Thumb Code    24  list.o(i.vListInsertEnd)
    vTaskSwitchContext                       0x08005fc9   Thumb Code   122  tasks.o(i.vTaskSwitchContext)
    xPortSysTickHandler                      0x08006095   Thumb Code    46  port.o(i.xPortSysTickHandler)
    xTaskGetSchedulerState                   0x080060c9   Thumb Code    24  tasks.o(i.xTaskGetSchedulerState)
    xTaskIncrementTick                       0x080060e9   Thumb Code   280  tasks.o(i.xTaskIncrementTick)
    AHBPrescTable                            0x08006234   Data          16  system_stm32f4xx.o(.constdata)
    APBPrescTable                            0x08006244   Data           8  system_stm32f4xx.o(.constdata)
    Region$$Table$$Base                      0x080062b4   Number         0  anon$$obj.o(Region$$Table)
    Region$$Table$$Limit                     0x080062d4   Number         0  anon$$obj.o(Region$$Table)
    uwTick                                   0x20000000   Data           4  stm32f4xx_hal.o(.data)
    uwTickPrio                               0x20000004   Data           4  stm32f4xx_hal.o(.data)
    uwTickFreq                               0x20000008   Data           1  stm32f4xx_hal.o(.data)
    SystemCoreClock                          0x2000000c   Data           4  system_stm32f4xx.o(.data)
    pxCurrentTCB                             0x20000010   Data           4  tasks.o(.data)
    __stdout                                 0x20000134   Data           4  stdout.o(.data)
    pbuffer                                  0x20000138   Data         512  main.o(.bss)
    file                                     0x20000568   Data         556  main.o(.bss)
    dir                                      0x20000794   Data          44  main.o(.bss)
    htim2                                    0x200011d4   Data          72  stm32f4xx_hal_timebase_tim.o(.bss)
    huart1                                   0x200016e0   Data          68  hal_usart.o(.bss)
    SD_HandleStruct                          0x20001784   Data         132  board_sd.o(.bss)
    HAL_SD_CardInfoStruct                    0x20001808   Data          32  board_sd.o(.bss)
    hdma_sdio_rx                             0x20001828   Data          96  board_sd.o(.bss)
    hdma_sdio_tx                             0x20001888   Data          96  board_sd.o(.bss)
    __initial_sp                             0x200020e8   Data           0  startup_stm32f407xx.o(STACK)



==============================================================================

Memory Map of the image

  Image Entry point : 0x08000189

  Load Region LR_IROM1 (Base: 0x08000000, Size: 0x0000640c, Max: 0x00100000, ABSOLUTE, COMPRESSED[0x00006340])

    Execution Region ER_IROM1 (Exec base: 0x08000000, Load base: 0x08000000, Size: 0x000062d4, Max: 0x00100000, ABSOLUTE)

    Exec Addr    Load Addr    Size         Type   Attr      Idx    E Section Name        Object

    0x08000000   0x08000000   0x00000188   Data   RO            3    RESET               startup_stm32f407xx.o
    0x08000188   0x08000188   0x00000000   Code   RO         6930  * .ARM.Collect$$$$00000000  mc_w.l(entry.o)
    0x08000188   0x08000188   0x00000004   Code   RO         7212    .ARM.Collect$$$$00000001  mc_w.l(entry2.o)
    0x0800018c   0x0800018c   0x00000004   Code   RO         7215    .ARM.Collect$$$$00000004  mc_w.l(entry5.o)
    0x08000190   0x08000190   0x00000000   Code   RO         7217    .ARM.Collect$$$$00000008  mc_w.l(entry7b.o)
    0x08000190   0x08000190   0x00000000   Code   RO         7219    .ARM.Collect$$$$0000000A  mc_w.l(entry8b.o)
    0x08000190   0x08000190   0x00000008   Code   RO         7220    .ARM.Collect$$$$0000000B  mc_w.l(entry9a.o)
    0x08000198   0x08000198   0x00000004   Code   RO         7227    .ARM.Collect$$$$0000000E  mc_w.l(entry12b.o)
    0x0800019c   0x0800019c   0x00000000   Code   RO         7222    .ARM.Collect$$$$0000000F  mc_w.l(entry10a.o)
    0x0800019c   0x0800019c   0x00000000   Code   RO         7224    .ARM.Collect$$$$00000011  mc_w.l(entry11a.o)
    0x0800019c   0x0800019c   0x00000004   Code   RO         7213    .ARM.Collect$$$$00002712  mc_w.l(entry2.o)
    0x080001a0   0x080001a0   0x000000be   Code   RO         5762    .emb_text           port.o
    0x0800025e   0x0800025e   0x00000002   PAD
    0x08000260   0x08000260   0x00000024   Code   RO            4    .text               startup_stm32f407xx.o
    0x08000284   0x08000284   0x00000062   Code   RO         6933    .text               mc_w.l(uldiv.o)
    0x080002e6   0x080002e6   0x00000024   Code   RO         6935    .text               mc_w.l(memcpya.o)
    0x0800030a   0x0800030a   0x00000024   Code   RO         6939    .text               mc_w.l(memseta.o)
    0x0800032e   0x0800032e   0x00000014   Code   RO         6941    .text               mc_w.l(strchr.o)
    0x08000342   0x08000342   0x0000000e   Code   RO         6943    .text               mc_w.l(strlen.o)
    0x08000350   0x08000350   0x0000001c   Code   RO         6945    .text               mc_w.l(strcmp.o)
    0x0800036c   0x0800036c   0x0000001a   Code   RO         6947    .text               mc_w.l(memcmp.o)
    0x08000386   0x08000386   0x0000001e   Code   RO         7231    .text               mc_w.l(llshl.o)
    0x080003a4   0x080003a4   0x00000020   Code   RO         7233    .text               mc_w.l(llushr.o)
    0x080003c4   0x080003c4   0x00000024   Code   RO         7246    .text               mc_w.l(init.o)
    0x080003e8   0x080003e8   0x00000056   Code   RO         7260    .text               mc_w.l(__dczerorl2.o)
    0x0800043e   0x0800043e   0x00000004   Code   RO          368    i.BusFault_Handler  stm32f4xx_it.o
    0x08000442   0x08000442   0x00000002   PAD
    0x08000444   0x08000444   0x00000010   Code   RO          369    i.DMA2_Stream3_IRQHandler  stm32f4xx_it.o
    0x08000454   0x08000454   0x00000010   Code   RO          370    i.DMA2_Stream6_IRQHandler  stm32f4xx_it.o
    0x08000464   0x08000464   0x00000034   Code   RO         1017    i.DMA_CalcBaseAndBitshift  stm32f4xx_hal_dma.o
    0x08000498   0x08000498   0x000000aa   Code   RO         1018    i.DMA_CheckFifoParam  stm32f4xx_hal_dma.o
    0x08000542   0x08000542   0x0000002c   Code   RO         1019    i.DMA_SetConfig     stm32f4xx_hal_dma.o
    0x0800056e   0x0800056e   0x00000002   Code   RO          371    i.DebugMon_Handler  stm32f4xx_it.o
    0x08000570   0x08000570   0x00000006   Code   RO           13    i.Error_Handler     main.o
    0x08000576   0x08000576   0x00000028   Code   RO         1021    i.HAL_DMA_Abort_IT  stm32f4xx_hal_dma.o
    0x0800059e   0x0800059e   0x00000006   Code   RO         1023    i.HAL_DMA_GetError  stm32f4xx_hal_dma.o
    0x080005a4   0x080005a4   0x00000240   Code   RO         1025    i.HAL_DMA_IRQHandler  stm32f4xx_hal_dma.o
    0x080007e4   0x080007e4   0x000000ec   Code   RO         1026    i.HAL_DMA_Init      stm32f4xx_hal_dma.o
    0x080008d0   0x080008d0   0x00000092   Code   RO         1030    i.HAL_DMA_Start_IT  stm32f4xx_hal_dma.o
    0x08000962   0x08000962   0x00000002   PAD
    0x08000964   0x08000964   0x00000028   Code   RO         1444    i.HAL_Delay         stm32f4xx_hal.o
    0x0800098c   0x0800098c   0x000001f4   Code   RO          913    i.HAL_GPIO_Init     stm32f4xx_hal_gpio.o
    0x08000b80   0x08000b80   0x00000010   Code   RO          915    i.HAL_GPIO_ReadPin  stm32f4xx_hal_gpio.o
    0x08000b90   0x08000b90   0x0000000c   Code   RO          917    i.HAL_GPIO_WritePin  stm32f4xx_hal_gpio.o
    0x08000b9c   0x08000b9c   0x0000000c   Code   RO         1450    i.HAL_GetTick       stm32f4xx_hal.o
    0x08000ba8   0x08000ba8   0x00000018   Code   RO         1456    i.HAL_IncTick       stm32f4xx_hal.o
    0x08000bc0   0x08000bc0   0x0000003c   Code   RO         1457    i.HAL_Init          stm32f4xx_hal.o
    0x08000bfc   0x08000bfc   0x000000b4   Code   RO          474    i.HAL_InitTick      stm32f4xx_hal_timebase_tim.o
    0x08000cb0   0x08000cb0   0x00000054   Code   RO          450    i.HAL_MspInit       stm32f4xx_hal_msp.o
    0x08000d04   0x08000d04   0x00000020   Code   RO         1302    i.HAL_NVIC_EnableIRQ  stm32f4xx_hal_cortex.o
    0x08000d24   0x08000d24   0x0000007c   Code   RO         1308    i.HAL_NVIC_SetPriority  stm32f4xx_hal_cortex.o
    0x08000da0   0x08000da0   0x00000028   Code   RO         1309    i.HAL_NVIC_SetPriorityGrouping  stm32f4xx_hal_cortex.o
    0x08000dc8   0x08000dc8   0x00000184   Code   RO          514    i.HAL_RCC_ClockConfig  stm32f4xx_hal_rcc.o
    0x08000f4c   0x08000f4c   0x00000044   Code   RO          518    i.HAL_RCC_GetClockConfig  stm32f4xx_hal_rcc.o
    0x08000f90   0x08000f90   0x0000000c   Code   RO          519    i.HAL_RCC_GetHCLKFreq  stm32f4xx_hal_rcc.o
    0x08000f9c   0x08000f9c   0x00000020   Code   RO          521    i.HAL_RCC_GetPCLK1Freq  stm32f4xx_hal_rcc.o
    0x08000fbc   0x08000fbc   0x00000020   Code   RO          522    i.HAL_RCC_GetPCLK2Freq  stm32f4xx_hal_rcc.o
    0x08000fdc   0x08000fdc   0x000000b0   Code   RO          523    i.HAL_RCC_GetSysClockFreq  stm32f4xx_hal_rcc.o
    0x0800108c   0x0800108c   0x0000049c   Code   RO          526    i.HAL_RCC_OscConfig  stm32f4xx_hal_rcc.o
    0x08001528   0x08001528   0x00000002   Code   RO         3449    i.HAL_SD_AbortCallback  stm32f4xx_hal_sd.o
    0x0800152a   0x0800152a   0x00000002   PAD
    0x0800152c   0x0800152c   0x000000c8   Code   RO         3451    i.HAL_SD_ConfigWideBusOperation  stm32f4xx_hal_sd.o
    0x080015f4   0x080015f4   0x00000002   Code   RO         3454    i.HAL_SD_ErrorCallback  stm32f4xx_hal_sd.o
    0x080015f6   0x080015f6   0x00000002   PAD
    0x080015f8   0x080015f8   0x000001c8   Code   RO         3456    i.HAL_SD_GetCardCSD  stm32f4xx_hal_sd.o
    0x080017c0   0x080017c0   0x00000026   Code   RO         3457    i.HAL_SD_GetCardInfo  stm32f4xx_hal_sd.o
    0x080017e6   0x080017e6   0x00000024   Code   RO         3458    i.HAL_SD_GetCardState  stm32f4xx_hal_sd.o
    0x0800180a   0x0800180a   0x00000002   PAD
    0x0800180c   0x0800180c   0x0000021c   Code   RO         3462    i.HAL_SD_IRQHandler  stm32f4xx_hal_sd.o
    0x08001a28   0x08001a28   0x0000003c   Code   RO         3463    i.HAL_SD_Init       stm32f4xx_hal_sd.o
    0x08001a64   0x08001a64   0x000000b0   Code   RO         3464    i.HAL_SD_InitCard   stm32f4xx_hal_sd.o
    0x08001b14   0x08001b14   0x00000180   Code   RO         6429    i.HAL_SD_MspInit    board_sd.o
    0x08001c94   0x08001c94   0x00000150   Code   RO         3468    i.HAL_SD_ReadBlocks_DMA  stm32f4xx_hal_sd.o
    0x08001de4   0x08001de4   0x00000002   Code   RO         6430    i.HAL_SD_RxCpltCallback  board_sd.o
    0x08001de6   0x08001de6   0x00000002   Code   RO         6431    i.HAL_SD_TxCpltCallback  board_sd.o
    0x08001de8   0x08001de8   0x00000154   Code   RO         3473    i.HAL_SD_WriteBlocks_DMA  stm32f4xx_hal_sd.o
    0x08001f3c   0x08001f3c   0x00000002   Code   RO         2412    i.HAL_TIMEx_BreakCallback  stm32f4xx_hal_tim_ex.o
    0x08001f3e   0x08001f3e   0x00000002   Code   RO         2413    i.HAL_TIMEx_CommutCallback  stm32f4xx_hal_tim_ex.o
    0x08001f40   0x08001f40   0x00000066   Code   RO         1697    i.HAL_TIM_Base_Init  stm32f4xx_hal_tim.o
    0x08001fa6   0x08001fa6   0x00000002   Code   RO         1699    i.HAL_TIM_Base_MspInit  stm32f4xx_hal_tim.o
    0x08001fa8   0x08001fa8   0x000000a8   Code   RO         1702    i.HAL_TIM_Base_Start_IT  stm32f4xx_hal_tim.o
    0x08002050   0x08002050   0x00000002   Code   RO         1731    i.HAL_TIM_IC_CaptureCallback  stm32f4xx_hal_tim.o
    0x08002052   0x08002052   0x00000196   Code   RO         1745    i.HAL_TIM_IRQHandler  stm32f4xx_hal_tim.o
    0x080021e8   0x080021e8   0x00000002   Code   RO         1748    i.HAL_TIM_OC_DelayElapsedCallback  stm32f4xx_hal_tim.o
    0x080021ea   0x080021ea   0x00000002   Code   RO         1775    i.HAL_TIM_PWM_PulseFinishedCallback  stm32f4xx_hal_tim.o
    0x080021ec   0x080021ec   0x00000012   Code   RO           14    i.HAL_TIM_PeriodElapsedCallback  main.o
    0x080021fe   0x080021fe   0x00000002   Code   RO         1788    i.HAL_TIM_TriggerCallback  stm32f4xx_hal_tim.o
    0x08002200   0x08002200   0x00000072   Code   RO         3110    i.HAL_UART_Init     stm32f4xx_hal_uart.o
    0x08002272   0x08002272   0x00000002   PAD
    0x08002274   0x08002274   0x00000088   Code   RO         6150    i.HAL_UART_MspInit  hal_usart.o
    0x080022fc   0x080022fc   0x000000d2   Code   RO         3118    i.HAL_UART_Transmit  stm32f4xx_hal_uart.o
    0x080023ce   0x080023ce   0x00000004   Code   RO          372    i.HardFault_Handler  stm32f4xx_it.o
    0x080023d2   0x080023d2   0x00000002   PAD
    0x080023d4   0x080023d4   0x00000048   Code   RO         6495    i.MX_DMA_Init       board_dma.o
    0x0800241c   0x0800241c   0x00000038   Code   RO         6151    i.MX_USART1_UART_Init  hal_usart.o
    0x08002454   0x08002454   0x00000004   Code   RO          373    i.MemManage_Handler  stm32f4xx_it.o
    0x08002458   0x08002458   0x00000004   Code   RO          374    i.NMI_Handler       stm32f4xx_it.o
    0x0800245c   0x0800245c   0x0000002c   Code   RO         3703    i.SDIO_ConfigData   stm32f4xx_ll_sdmmc.o
    0x08002488   0x08002488   0x00000008   Code   RO         3704    i.SDIO_GetCommandResponse  stm32f4xx_ll_sdmmc.o
    0x08002490   0x08002490   0x0000000a   Code   RO         3707    i.SDIO_GetPowerState  stm32f4xx_ll_sdmmc.o
    0x0800249a   0x0800249a   0x0000000c   Code   RO         3708    i.SDIO_GetResponse  stm32f4xx_ll_sdmmc.o
    0x080024a6   0x080024a6   0x00000002   PAD
    0x080024a8   0x080024a8   0x00000010   Code   RO          375    i.SDIO_IRQHandler   stm32f4xx_it.o
    0x080024b8   0x080024b8   0x00000034   Code   RO         3709    i.SDIO_Init         stm32f4xx_ll_sdmmc.o
    0x080024ec   0x080024ec   0x0000000a   Code   RO         3711    i.SDIO_PowerState_ON  stm32f4xx_ll_sdmmc.o
    0x080024f6   0x080024f6   0x00000008   Code   RO         3712    i.SDIO_ReadFIFO     stm32f4xx_ll_sdmmc.o
    0x080024fe   0x080024fe   0x00000028   Code   RO         3713    i.SDIO_SendCommand  stm32f4xx_ll_sdmmc.o
    0x08002526   0x08002526   0x0000000c   Code   RO         3715    i.SDIO_WriteFIFO    stm32f4xx_ll_sdmmc.o
    0x08002532   0x08002532   0x00000038   Code   RO         3716    i.SDMMC_CmdAppCommand  stm32f4xx_ll_sdmmc.o
    0x0800256a   0x0800256a   0x00000002   PAD
    0x0800256c   0x0800256c   0x0000003c   Code   RO         3717    i.SDMMC_CmdAppOperCommand  stm32f4xx_ll_sdmmc.o
    0x080025a8   0x080025a8   0x00000038   Code   RO         3718    i.SDMMC_CmdBlockLength  stm32f4xx_ll_sdmmc.o
    0x080025e0   0x080025e0   0x00000038   Code   RO         3719    i.SDMMC_CmdBusWidth  stm32f4xx_ll_sdmmc.o
    0x08002618   0x08002618   0x0000002c   Code   RO         3723    i.SDMMC_CmdGoIdleState  stm32f4xx_ll_sdmmc.o
    0x08002644   0x08002644   0x00000034   Code   RO         3725    i.SDMMC_CmdOperCond  stm32f4xx_ll_sdmmc.o
    0x08002678   0x08002678   0x00000038   Code   RO         3726    i.SDMMC_CmdReadMultiBlock  stm32f4xx_ll_sdmmc.o
    0x080026b0   0x080026b0   0x00000038   Code   RO         3727    i.SDMMC_CmdReadSingleBlock  stm32f4xx_ll_sdmmc.o
    0x080026e8   0x080026e8   0x0000003a   Code   RO         3730    i.SDMMC_CmdSelDesel  stm32f4xx_ll_sdmmc.o
    0x08002722   0x08002722   0x00000032   Code   RO         3731    i.SDMMC_CmdSendCID  stm32f4xx_ll_sdmmc.o
    0x08002754   0x08002754   0x00000032   Code   RO         3732    i.SDMMC_CmdSendCSD  stm32f4xx_ll_sdmmc.o
    0x08002786   0x08002786   0x00000038   Code   RO         3734    i.SDMMC_CmdSendSCR  stm32f4xx_ll_sdmmc.o
    0x080027be   0x080027be   0x00000038   Code   RO         3735    i.SDMMC_CmdSendStatus  stm32f4xx_ll_sdmmc.o
    0x080027f6   0x080027f6   0x00000038   Code   RO         3736    i.SDMMC_CmdSetRelAdd  stm32f4xx_ll_sdmmc.o
    0x0800282e   0x0800282e   0x00000002   PAD
    0x08002830   0x08002830   0x0000003c   Code   RO         3739    i.SDMMC_CmdStopTransfer  stm32f4xx_ll_sdmmc.o
    0x0800286c   0x0800286c   0x00000038   Code   RO         3741    i.SDMMC_CmdWriteMultiBlock  stm32f4xx_ll_sdmmc.o
    0x080028a4   0x080028a4   0x00000038   Code   RO         3742    i.SDMMC_CmdWriteSingleBlock  stm32f4xx_ll_sdmmc.o
    0x080028dc   0x080028dc   0x00000040   Code   RO         3743    i.SDMMC_GetCmdError  stm32f4xx_ll_sdmmc.o
    0x0800291c   0x0800291c   0x000001ac   Code   RO         3744    i.SDMMC_GetCmdResp1  stm32f4xx_ll_sdmmc.o
    0x08002ac8   0x08002ac8   0x00000064   Code   RO         3745    i.SDMMC_GetCmdResp2  stm32f4xx_ll_sdmmc.o
    0x08002b2c   0x08002b2c   0x00000058   Code   RO         3746    i.SDMMC_GetCmdResp3  stm32f4xx_ll_sdmmc.o
    0x08002b84   0x08002b84   0x000000b8   Code   RO         3747    i.SDMMC_GetCmdResp6  stm32f4xx_ll_sdmmc.o
    0x08002c3c   0x08002c3c   0x0000006c   Code   RO         3748    i.SDMMC_GetCmdResp7  stm32f4xx_ll_sdmmc.o
    0x08002ca8   0x08002ca8   0x00000074   Code   RO         3475    i.SD_DMAError       stm32f4xx_hal_sd.o
    0x08002d1c   0x08002d1c   0x00000048   Code   RO         3476    i.SD_DMAReceiveCplt  stm32f4xx_hal_sd.o
    0x08002d64   0x08002d64   0x00000048   Code   RO         3477    i.SD_DMARxAbort     stm32f4xx_hal_sd.o
    0x08002dac   0x08002dac   0x00000012   Code   RO         3478    i.SD_DMATransmitCplt  stm32f4xx_hal_sd.o
    0x08002dbe   0x08002dbe   0x00000048   Code   RO         3479    i.SD_DMATxAbort     stm32f4xx_hal_sd.o
    0x08002e06   0x08002e06   0x00000142   Code   RO         3480    i.SD_FindSCR        stm32f4xx_hal_sd.o
    0x08002f48   0x08002f48   0x00000102   Code   RO         3481    i.SD_InitCard       stm32f4xx_hal_sd.o
    0x0800304a   0x0800304a   0x00000002   PAD
    0x0800304c   0x0800304c   0x000000cc   Code   RO         3483    i.SD_PowerON        stm32f4xx_hal_sd.o
    0x08003118   0x08003118   0x0000004a   Code   RO         3484    i.SD_Read_IT        stm32f4xx_hal_sd.o
    0x08003162   0x08003162   0x00000030   Code   RO         3486    i.SD_SendStatus     stm32f4xx_hal_sd.o
    0x08003192   0x08003192   0x00000068   Code   RO         3487    i.SD_WideBus_Disable  stm32f4xx_hal_sd.o
    0x080031fa   0x080031fa   0x00000068   Code   RO         3488    i.SD_WideBus_Enable  stm32f4xx_hal_sd.o
    0x08003262   0x08003262   0x00000054   Code   RO         3489    i.SD_Write_IT       stm32f4xx_hal_sd.o
    0x080032b6   0x080032b6   0x00000016   Code   RO         5177    i.SysTick_Handler   cmsis_os2.o
    0x080032cc   0x080032cc   0x000000b8   Code   RO           15    i.SystemClock_Config  main.o
    0x08003384   0x08003384   0x00000014   Code   RO         3997    i.SystemInit        system_stm32f4xx.o
    0x08003398   0x08003398   0x00000010   Code   RO          376    i.TIM2_IRQHandler   stm32f4xx_it.o
    0x080033a8   0x080033a8   0x000000d8   Code   RO         1790    i.TIM_Base_SetConfig  stm32f4xx_hal_tim.o
    0x08003480   0x08003480   0x0000022c   Code   RO         3137    i.UART_SetConfig    stm32f4xx_hal_uart.o
    0x080036ac   0x080036ac   0x00000092   Code   RO         3141    i.UART_WaitOnFlagUntilTimeout  stm32f4xx_hal_uart.o
    0x0800373e   0x0800373e   0x00000004   Code   RO          377    i.UsageFault_Handler  stm32f4xx_it.o
    0x08003742   0x08003742   0x00000002   PAD
    0x08003744   0x08003744   0x00000020   Code   RO         7158    i.__0printf$8       mc_w.l(printf8.o)
    0x08003764   0x08003764   0x00000010   Code   RO         1315    i.__NVIC_GetPriorityGrouping  stm32f4xx_hal_cortex.o
    0x08003774   0x08003774   0x00000028   Code   RO         1316    i.__NVIC_SetPriority  stm32f4xx_hal_cortex.o
    0x0800379c   0x0800379c   0x0000000e   Code   RO         7254    i.__scatterload_copy  mc_w.l(handlers.o)
    0x080037aa   0x080037aa   0x00000002   Code   RO         7255    i.__scatterload_null  mc_w.l(handlers.o)
    0x080037ac   0x080037ac   0x0000000e   Code   RO         7256    i.__scatterload_zeroinit  mc_w.l(handlers.o)
    0x080037ba   0x080037ba   0x00000002   PAD
    0x080037bc   0x080037bc   0x00000404   Code   RO         7165    i._printf_core      mc_w.l(printf8.o)
    0x08003bc0   0x08003bc0   0x00000024   Code   RO         7166    i._printf_post_padding  mc_w.l(printf8.o)
    0x08003be4   0x08003be4   0x0000002e   Code   RO         7167    i._printf_pre_padding  mc_w.l(printf8.o)
    0x08003c12   0x08003c12   0x00000002   PAD
    0x08003c14   0x08003c14   0x00000020   Code   RO         6341    i.board_dht11_init  board_dht11.o
    0x08003c34   0x08003c34   0x00000020   Code   RO         6379    i.board_key_init    board_key.o
    0x08003c54   0x08003c54   0x00000038   Code   RO         6265    i.board_led_init    board_led.o
    0x08003c8c   0x08003c8c   0x000000e0   Code   RO         6568    i.check_fs          ff.o
    0x08003d6c   0x08003d6c   0x00000032   Code   RO         6569    i.clmt_clust        ff.o
    0x08003d9e   0x08003d9e   0x0000001a   Code   RO         6570    i.clst2sect         ff.o
    0x08003db8   0x08003db8   0x00000120   Code   RO         6571    i.create_chain      ff.o
    0x08003ed8   0x08003ed8   0x0000010c   Code   RO         6572    i.create_name       ff.o
    0x08003fe4   0x08003fe4   0x00000034   Code   RO         6574    i.dbc_1st           ff.o
    0x08004018   0x08004018   0x00000048   Code   RO         6575    i.dbc_2nd           ff.o
    0x08004060   0x08004060   0x00000038   Code   RO         6192    i.device_find       device_manager_1.o
    0x08004098   0x08004098   0x00000032   Code   RO         6193    i.device_open       device_manager_1.o
    0x080040ca   0x080040ca   0x00000002   PAD
    0x080040cc   0x080040cc   0x00000068   Code   RO         6195    i.device_register   device_manager_1.o
    0x08004134   0x08004134   0x00000030   Code   RO         6196    i.device_write      device_manager_1.o
    0x08004164   0x08004164   0x0000000e   Code   RO         6342    i.dht11_dev_init    board_dht11.o
    0x08004172   0x08004172   0x00000012   Code   RO         6343    i.dht11_dev_read    board_dht11.o
    0x08004184   0x08004184   0x00000014   Code   RO         5889    i.dht11_driver_register  bsp_dht11.o
    0x08004198   0x08004198   0x00000032   Code   RO         5890    i.dht11_init        bsp_dht11.o
    0x080041ca   0x080041ca   0x0000004e   Code   RO         5891    i.dht11_read        bsp_dht11.o
    0x08004218   0x08004218   0x00000040   Code   RO         5892    i.dht11_readbit     bsp_dht11.o
    0x08004258   0x08004258   0x00000012   Code   RO         5893    i.dht11_set_level   bsp_dht11.o
    0x0800426a   0x0800426a   0x0000007e   Code   RO         5894    i.dht11_start       bsp_dht11.o
    0x080042e8   0x080042e8   0x0000002c   Code   RO         5895    i.dht11_wait_level  bsp_dht11.o
    0x08004314   0x08004314   0x00000060   Code   RO         6576    i.dir_alloc         ff.o
    0x08004374   0x08004374   0x0000005e   Code   RO         6577    i.dir_clear         ff.o
    0x080043d2   0x080043d2   0x0000006c   Code   RO         6578    i.dir_find          ff.o
    0x0800443e   0x0800443e   0x000000ca   Code   RO         6579    i.dir_next          ff.o
    0x08004508   0x08004508   0x00000042   Code   RO         6581    i.dir_register      ff.o
    0x0800454a   0x0800454a   0x0000009a   Code   RO         6583    i.dir_sdi           ff.o
    0x080045e4   0x080045e4   0x00000014   Code   RO         6519    i.disk_initialize   diskio.o
    0x080045f8   0x080045f8   0x00000044   Code   RO         6520    i.disk_ioctl        diskio.o
    0x0800463c   0x0800463c   0x00000068   Code   RO         6521    i.disk_read         diskio.o
    0x080046a4   0x080046a4   0x00000014   Code   RO         6522    i.disk_status       diskio.o
    0x080046b8   0x080046b8   0x00000068   Code   RO         6523    i.disk_write        diskio.o
    0x08004720   0x08004720   0x00000022   Code   RO         6584    i.f_close           ff.o
    0x08004742   0x08004742   0x00000018   Code   RO         6585    i.f_closedir        ff.o
    0x0800475a   0x0800475a   0x00000002   PAD
    0x0800475c   0x0800475c   0x00000054   Code   RO         6592    i.f_mount           ff.o
    0x080047b0   0x080047b0   0x000001f4   Code   RO         6593    i.f_open            ff.o
    0x080049a4   0x080049a4   0x0000006c   Code   RO         6594    i.f_opendir         ff.o
    0x08004a10   0x08004a10   0x000001ac   Code   RO         6598    i.f_read            ff.o
    0x08004bbc   0x08004bbc   0x000000a0   Code   RO         6603    i.f_sync            ff.o
    0x08004c5c   0x08004c5c   0x000001ee   Code   RO         6606    i.f_write           ff.o
    0x08004e4a   0x08004e4a   0x00000078   Code   RO         6607    i.find_volume       ff.o
    0x08004ec2   0x08004ec2   0x0000009e   Code   RO         6608    i.follow_path       ff.o
    0x08004f60   0x08004f60   0x00000018   Code   RO           17    i.fputc             main.o
    0x08004f78   0x08004f78   0x000000e0   Code   RO         6609    i.get_fat           ff.o
    0x08005058   0x08005058   0x0000004e   Code   RO         6612    i.get_ldnumber      ff.o
    0x080050a6   0x080050a6   0x00000002   PAD
    0x080050a8   0x080050a8   0x00000104   Code   RO         6035    i.gpio_clock_enable  hal_gpio.o
    0x080051ac   0x080051ac   0x0000000c   Code   RO         6072    i.hal_delay_ms      hal_delay.o
    0x080051b8   0x080051b8   0x00000030   Code   RO         6073    i.hal_delay_us      hal_delay.o
    0x080051e8   0x080051e8   0x00000010   Code   RO         6036    i.hal_gpio_read     hal_gpio.o
    0x080051f8   0x080051f8   0x00000020   Code   RO         6037    i.hal_gpio_write    hal_gpio.o
    0x08005218   0x08005218   0x0000000e   Code   RO         6380    i.key_dev_init      board_key.o
    0x08005226   0x08005226   0x0000001e   Code   RO         6381    i.key_dev_write     board_key.o
    0x08005244   0x08005244   0x00000014   Code   RO         5994    i.key_driver_register  bsp_key.o
    0x08005258   0x08005258   0x0000003c   Code   RO         5995    i.key_init          bsp_key.o
    0x08005294   0x08005294   0x00000124   Code   RO         5997    i.key_scan          bsp_key.o
    0x080053b8   0x080053b8   0x00000018   Code   RO         6382    i.key_trigger_event  board_key.o
    0x080053d0   0x080053d0   0x00000026   Code   RO         6613    i.ld_clust          ff.o
    0x080053f6   0x080053f6   0x00000018   Code   RO         6614    i.ld_dword          ff.o
    0x0800540e   0x0800540e   0x0000000c   Code   RO         6615    i.ld_word           ff.o
    0x0800541a   0x0800541a   0x0000000e   Code   RO         6266    i.led_dev_init      board_led.o
    0x08005428   0x08005428   0x0000002c   Code   RO         6267    i.led_dev_write     board_led.o
    0x08005454   0x08005454   0x00000024   Code   RO         5945    i.led_driver_register  bsp_led.o
    0x08005478   0x08005478   0x0000003c   Code   RO         5946    i.led_init          bsp_led.o
    0x080054b4   0x080054b4   0x0000002c   Code   RO         5947    i.led_off           bsp_led.o
    0x080054e0   0x080054e0   0x0000002c   Code   RO         5948    i.led_on            bsp_led.o
    0x0800550c   0x0800550c   0x00000012   Code   RO         5949    i.led_set_level     bsp_led.o
    0x0800551e   0x0800551e   0x0000002a   Code   RO         5950    i.led_toggle        bsp_led.o
    0x08005548   0x08005548   0x0000007c   Code   RO           18    i.main              main.o
    0x080055c4   0x080055c4   0x000002a8   Code   RO         6616    i.mount_volume      ff.o
    0x0800586c   0x0800586c   0x00000034   Code   RO         6617    i.move_window       ff.o
    0x080058a0   0x080058a0   0x0000006c   Code   RO           19    i.my_key_handler    main.o
    0x0800590c   0x0800590c   0x00000034   Code   RO         4622    i.prvResetNextTaskUnblockTime  tasks.o
    0x08005940   0x08005940   0x00000138   Code   RO         6618    i.put_fat           ff.o
    0x08005a78   0x08005a78   0x0000009a   Code   RO         6622    i.remove_chain      ff.o
    0x08005b12   0x08005b12   0x00000002   PAD
    0x08005b14   0x08005b14   0x00000258   Code   RO           20    i.sd_app            main.o
    0x08005d6c   0x08005d6c   0x0000008c   Code   RO         6432    i.sd_init           board_sd.o
    0x08005df8   0x08005df8   0x00000030   Code   RO         6433    i.sd_read           board_sd.o
    0x08005e28   0x08005e28   0x00000004   Code   RO         6434    i.sd_staus          board_sd.o
    0x08005e2c   0x08005e2c   0x0000003c   Code   RO         6435    i.sd_write          board_sd.o
    0x08005e68   0x08005e68   0x00000024   Code   RO         6623    i.st_clust          ff.o
    0x08005e8c   0x08005e8c   0x00000018   Code   RO         6624    i.st_dword          ff.o
    0x08005ea4   0x08005ea4   0x0000000c   Code   RO         6625    i.st_word           ff.o
    0x08005eb0   0x08005eb0   0x0000008c   Code   RO         6626    i.sync_fs           ff.o
    0x08005f3c   0x08005f3c   0x0000004a   Code   RO         6627    i.sync_window       ff.o
    0x08005f86   0x08005f86   0x00000028   Code   RO         4161    i.uxListRemove      list.o
    0x08005fae   0x08005fae   0x00000018   Code   RO         4165    i.vListInsertEnd    list.o
    0x08005fc6   0x08005fc6   0x00000002   PAD
    0x08005fc8   0x08005fc8   0x00000090   Code   RO         4655    i.vTaskSwitchContext  tasks.o
    0x08006058   0x08006058   0x0000003c   Code   RO         6628    i.validate          ff.o
    0x08006094   0x08006094   0x00000034   Code   RO         5771    i.xPortSysTickHandler  port.o
    0x080060c8   0x080060c8   0x00000020   Code   RO         4663    i.xTaskGetSchedulerState  tasks.o
    0x080060e8   0x080060e8   0x00000144   Code   RO         4666    i.xTaskIncrementTick  tasks.o
    0x0800622c   0x0800622c   0x00000008   Data   RO         1032    .constdata          stm32f4xx_hal_dma.o
    0x08006234   0x08006234   0x00000018   Data   RO         3998    .constdata          system_stm32f4xx.o
    0x0800624c   0x0800624c   0x00000048   Data   RO         6629    .constdata          ff.o
    0x08006294   0x08006294   0x0000000d   Data   RO         6269    .conststring        board_led.o
    0x080062a1   0x080062a1   0x00000003   PAD
    0x080062a4   0x080062a4   0x00000006   Data   RO         6345    .conststring        board_dht11.o
    0x080062aa   0x080062aa   0x00000002   PAD
    0x080062ac   0x080062ac   0x00000005   Data   RO         6385    .conststring        board_key.o
    0x080062b1   0x080062b1   0x00000003   PAD
    0x080062b4   0x080062b4   0x00000020   Data   RO         7252    Region$$Table       anon$$obj.o


    Execution Region RW_IRAM1 (Exec base: 0x20000000, Load base: 0x080062d4, Size: 0x000020e8, Max: 0x0001c000, ABSOLUTE, COMPRESSED[0x0000006c])

    Exec Addr    Load Addr    Size         Type   Attr      Idx    E Section Name        Object

    0x20000000   COMPRESSED   0x00000009   Data   RW         1464    .data               stm32f4xx_hal.o
    0x20000009   COMPRESSED   0x00000003   PAD
    0x2000000c   COMPRESSED   0x00000004   Data   RW         3999    .data               system_stm32f4xx.o
    0x20000010   COMPRESSED   0x0000003c   Data   RW         4675    .data               tasks.o
    0x2000004c   COMPRESSED   0x00000070   Data   RW         6270    .data               board_led.o
    0x200000bc   COMPRESSED   0x00000034   Data   RW         6346    .data               board_dht11.o
    0x200000f0   COMPRESSED   0x0000003c   Data   RW         6386    .data               board_key.o
    0x2000012c   COMPRESSED   0x00000006   Data   RW         6630    .data               ff.o
    0x20000132   COMPRESSED   0x00000002   PAD
    0x20000134   COMPRESSED   0x00000004   Data   RW         7228    .data               mc_w.l(stdout.o)
    0x20000138        -       0x0000109c   Zero   RW           21    .bss                main.o
    0x200011d4        -       0x00000048   Zero   RW          477    .bss                stm32f4xx_hal_timebase_tim.o
    0x2000121c        -       0x000004c4   Zero   RW         4674    .bss                tasks.o
    0x200016e0        -       0x00000044   Zero   RW         6152    .bss                hal_usart.o
    0x20001724        -       0x00000020   Zero   RW         6197    .bss                device_manager_1.o
    0x20001744        -       0x00000028   Zero   RW         6268    .bss                board_led.o
    0x2000176c        -       0x0000000c   Zero   RW         6344    .bss                board_dht11.o
    0x20001778        -       0x0000000c   Zero   RW         6384    .bss                board_key.o
    0x20001784        -       0x00000164   Zero   RW         6436    .bss                board_sd.o
    0x200018e8        -       0x00000400   Zero   RW         6524    .bss                diskio.o
    0x20001ce8        -       0x00000400   Zero   RW            1    STACK               startup_stm32f407xx.o


    Execution Region RW_IRAM2 (Exec base: 0x2001c000, Load base: 0x08006340, Size: 0x00000000, Max: 0x00004000, ABSOLUTE)

    **** No section assigned to this execution region ****


==============================================================================

Image component sizes


      Code (inc. data)   RO Data    RW Data    ZI Data      Debug   Object Name

        64         14          6         52         12       2319   board_dht11.o
        72          4          0          0          0        862   board_dma.o
       100         14          5         60         12       2917   board_key.o
       114         24         13        112         40       2409   board_led.o
       640         54          0          0        356       5377   board_sd.o
       400          8          0          0          0       4858   bsp_dht11.o
       372         14          0          0          0       2000   bsp_key.o
       244         16          0          0          0       3666   bsp_led.o
        22          0          0          0          0        602   cmsis_os2.o
       258         10          0          0         32       3501   device_manager_1.o
       316         12          0          0       1024       4394   diskio.o
         0          0          0          0          0      15460   event_groups.o
      5730         84         72          6          0      50296   ff.o
        60         14          0          0          0       1114   hal_delay.o
       308         28          0          0          0       2425   hal_gpio.o
       192         22          0          0         68       1794   hal_usart.o
        64          0          0          0          0       1776   list.o
      1064        452          0          0       4252     732741   main.o
       242         22          0          0          0       3754   port.o
        36          8        392          0       1024        852   startup_stm32f407xx.o
       136         24          0          9          0       8842   stm32f4xx_hal.o
       252         22          0          0          0      33790   stm32f4xx_hal_cortex.o
      1270         16          8          0          0       6957   stm32f4xx_hal_dma.o
       528         46          0          0          0       2855   stm32f4xx_hal_gpio.o
        84          6          0          0          0        894   stm32f4xx_hal_msp.o
      1888         94          0          0          0       6409   stm32f4xx_hal_rcc.o
      3734         74          0          0          0      20042   stm32f4xx_hal_sd.o
       902         76          0          0          0       6638   stm32f4xx_hal_tim.o
         4          0          0          0          0       1621   stm32f4xx_hal_tim_ex.o
       180         18          0          0         72       1523   stm32f4xx_hal_timebase_tim.o
      1026         10          0          0          0       4028   stm32f4xx_hal_uart.o
        86         24          0          0          0       4989   stm32f4xx_it.o
      2102         46          0          0          0      25103   stm32f4xx_ll_sdmmc.o
        20          6         24          4          0       1183   system_stm32f4xx.o
       552         84          0         60       1220      10198   tasks.o

    ----------------------------------------------------------------------
     23098       1346        560        308       8112     978189   Object Totals
         0          0         32          0          0          0   (incl. Generated)
        36          0          8          5          0          0   (incl. Padding)

    ----------------------------------------------------------------------

      Code (inc. data)   RO Data    RW Data    ZI Data      Debug   Library Member Name

        86          0          0          0          0          0   __dczerorl2.o
         0          0          0          0          0          0   entry.o
         0          0          0          0          0          0   entry10a.o
         0          0          0          0          0          0   entry11a.o
         4          0          0          0          0          0   entry12b.o
         8          4          0          0          0          0   entry2.o
         4          0          0          0          0          0   entry5.o
         0          0          0          0          0          0   entry7b.o
         0          0          0          0          0          0   entry8b.o
         8          4          0          0          0          0   entry9a.o
        30          0          0          0          0          0   handlers.o
        36          8          0          0          0         68   init.o
        30          0          0          0          0         68   llshl.o
        32          0          0          0          0         68   llushr.o
        26          0          0          0          0         80   memcmp.o
        36          0          0          0          0         68   memcpya.o
        36          0          0          0          0        108   memseta.o
      1142         54          0          0          0        352   printf8.o
         0          0          0          4          0          0   stdout.o
        20          0          0          0          0         68   strchr.o
        28          0          0          0          0         76   strcmp.o
        14          0          0          0          0         68   strlen.o
        98          0          0          0          0         92   uldiv.o

    ----------------------------------------------------------------------
      1642         70          0          4          0       1116   Library Totals
         4          0          0          0          0          0   (incl. Padding)

    ----------------------------------------------------------------------

      Code (inc. data)   RO Data    RW Data    ZI Data      Debug   Library Name

      1638         70          0          4          0       1116   mc_w.l

    ----------------------------------------------------------------------
      1642         70          0          4          0       1116   Library Totals

    ----------------------------------------------------------------------

==============================================================================


      Code (inc. data)   RO Data    RW Data    ZI Data      Debug   

     24740       1416        560        312       8112     958169   Grand Totals
     24740       1416        560        108       8112     958169   ELF Image Totals (compressed)
     24740       1416        560        108          0          0   ROM Totals

==============================================================================

    Total RO  Size (Code + RO Data)                25300 (  24.71kB)
    Total RW  Size (RW Data + ZI Data)              8424 (   8.23kB)
    Total ROM Size (Code + RO Data + RW Data)      25408 (  24.81kB)

==============================================================================

